   600.00000000000000      -0.99995786219707050      -0.99995786219707050        0.0000000000000000        0.0000000000000000     
   600.00000000000000      -0.99995786219707050      -0.99995786219707050        0.0000000000000000        1.0000000000000000E-003
   600.00000000000000      -0.99995786219707050      -0.99995786219707050        0.0000000000000000        2.0000000000000000E-003
   600.00000000000000      -0.99995786219707050      -0.99995786219707050        0.0000000000000000        3.0000000000000001E-003
   600.00000000000000      -0.99995786219707050      -0.99995786219707050        0.0000000000000000        4.0000000000000001E-003
   600.00000000000000      -0.99995786219707050      -0.99995786219707050        0.0000000000000000        5.0000000000000001E-003
   600.00000000000000      -0.99995786219707050      -0.99995786219707050        0.0000000000000000        6.0000000000000001E-003
   600.00000000000000      -0.99995786219707050      -0.99995786219707050        0.0000000000000000        7.0000000000000001E-003
   600.00000000000000      -0.99995786219707050      -0.99995786219707050        0.0000000000000000        8.0000000000000002E-003
   600.00000000000000      -0.99995786219707050      -0.99995786219707050        0.0000000000000000        9.0000000000000011E-003
   600.00000000000000      -0.99995786219707050      -0.99995786219707050        0.0000000000000000        1.0000000000000002E-002
   568.76574909080557      -0.99993869198968222      -0.99993869198968222        0.0000000000000000        1.1000000000000003E-002
   542.49584537126088      -0.99991355797396564      -0.99991355797396564        0.0000000000000000        1.2000000000000004E-002
   520.08081406162842      -0.99988121945511599      -0.99988121945511599        0.0000000000000000        1.3000000000000005E-002
   500.71913373839698      -0.99984029039462763      -0.99984029039462763        0.0000000000000000        1.4000000000000005E-002
   483.81841980200102      -0.99978924394798718      -0.99978924394798718        0.0000000000000000        1.5000000000000006E-002
   468.93116071141105      -0.99972641737101131      -0.99972641737101131        0.0000000000000000        1.6000000000000007E-002
   455.71282881750642      -0.99965001874657389      -0.99965001874657389        0.0000000000000000        1.7000000000000008E-002
   443.89376275861662      -0.99955813537188831      -0.99955813537188831        0.0000000000000000        1.8000000000000009E-002
   433.25980582868965      -0.99944874360176761      -0.99944874360176761        0.0000000000000000        1.9000000000000010E-002
   423.63867132229058      -0.99931971991663104      -0.99931971991663104        0.0000000000000000        2.0000000000000011E-002
   414.89014830151984      -0.99916885297180646      -0.99916885297180646        0.0000000000000000        2.1000000000000012E-002
   406.89894034723466      -0.99899385638364102      -0.99899385638364102        0.0000000000000000        2.2000000000000013E-002
   399.56934556074953      -0.99879238201532761      -0.99879238201532761        0.0000000000000000        2.3000000000000013E-002
   392.82124727959206      -0.99856203353890394      -0.99856203353890394        0.0000000000000000        2.4000000000000014E-002
   386.58705298041446      -0.99830038006771804      -0.99830038006771804        0.0000000000000000        2.5000000000000015E-002
   380.80932922129205      -0.99800496967423458      -0.99800496967423458        0.0000000000000000        2.6000000000000016E-002
   375.43895439801196      -0.99767334263013985      -0.99767334263013985        0.0000000000000000        2.7000000000000017E-002
   370.43366146954935      -0.99730304422829263      -0.99730304422829263        0.0000000000000000        2.8000000000000018E-002
   365.75687769837100      -0.99689163706840489      -0.99689163706840489        0.0000000000000000        2.9000000000000019E-002
   361.37679297240311      -0.99643671270983869      -0.99643671270983869        0.0000000000000000        3.0000000000000020E-002
   357.26560574465384      -0.99593590261515674      -0.99593590261515674        0.0000000000000000        3.1000000000000021E-002
   353.39890822896297      -0.99538688832679556      -0.99538688832679556        0.0000000000000000        3.2000000000000021E-002
   349.75518168851937      -0.99478741083625633      -0.99478741083625633        0.0000000000000000        3.3000000000000022E-002
   346.31537944045908      -0.99413527912046618      -0.99413527912046618        0.0000000000000000        3.4000000000000023E-002
   343.06258025816533      -0.99342837783341553      -0.99342837783341553        0.0000000000000000        3.5000000000000024E-002
   339.98169865884847      -0.99266467415288651      -0.99266467415288651        0.0000000000000000        3.6000000000000025E-002
   337.05924145314685      -0.99184222379210307      -0.99184222379210307        0.0000000000000000        3.7000000000000026E-002
   334.28310214504916      -0.99095917619457574      -0.99095917619457574        0.0000000000000000        3.8000000000000027E-002
   331.64238647662518      -0.99001377893738596      -0.99001377893738596        0.0000000000000000        3.9000000000000028E-002
   329.12726373811881      -0.98900438137378832      -0.98900438137378832        0.0000000000000000        4.0000000000000029E-002
   326.72883950179954      -0.98792943755043816      -0.98792943755043816        0.0000000000000000        4.1000000000000029E-002
   324.43904625561674      -0.98678750843789453      -0.98678750843789453        0.0000000000000000        4.2000000000000030E-002
   322.25054906090679      -0.98557726351543651      -0.98557726351543651        0.0000000000000000        4.3000000000000031E-002
   320.15666387534048      -0.98429748175279896      -0.98429748175279896        0.0000000000000000        4.4000000000000032E-002
   318.15128659687866      -0.98294705203225796      -0.98294705203225796        0.0000000000000000        4.5000000000000033E-002
   316.22883121877993      -0.98152497305472364      -0.98152497305472364        0.0000000000000000        4.6000000000000034E-002
   314.38417575661390      -0.98003035277319672      -0.98003035277319672        0.0000000000000000        4.7000000000000035E-002
   312.61261482885300      -0.97846240739620705      -0.97846240739620705        0.0000000000000000        4.8000000000000036E-002
   310.90981795312700      -0.97682046000276168      -0.97682046000276168        0.0000000000000000        4.9000000000000037E-002
   309.27179276856600      -0.97510393880896284      -0.97510393880896284        0.0000000000000000        5.0000000000000037E-002
   307.69485251708943      -0.97331237512484148      -0.97331237512484148        0.0000000000000000        5.1000000000000038E-002
   306.17558721795200      -0.97144540103819310      -0.97144540103819310        0.0000000000000000        5.2000000000000039E-002
   304.71083805426167      -0.96950274686031102      -0.96950274686031102        0.0000000000000000        5.3000000000000040E-002
   303.29767456065952      -0.96748423836652908      -0.96748423836652908        0.0000000000000000        5.4000000000000041E-002
   301.93337426041518      -0.96538979386246349      -0.96538979386246349        0.0000000000000000        5.5000000000000042E-002
   300.61540444985917      -0.96321942110482750      -0.96321942110482750        0.0000000000000000        5.6000000000000043E-002
   299.34140586997648      -0.96097321410362246      -0.96097321410362246        0.0000000000000000        5.7000000000000044E-002
   298.10917804045681      -0.95865134983054257      -0.95865134983054257        0.0000000000000000        5.8000000000000045E-002
   296.91666606160862      -0.95625408485644292      -0.95625408485644292        0.0000000000000000        5.9000000000000045E-002
   295.76194871519016      -0.95378175193883696      -0.95378175193883696        0.0000000000000000        6.0000000000000046E-002
   294.64322771710579      -0.95123475657854983      -0.95123475657854983        0.0000000000000000        6.1000000000000047E-002
   293.55881799367154      -0.94861357356289411      -0.94861357356289411        0.0000000000000000        6.2000000000000048E-002
   292.50713886925331      -0.94591874351107030      -0.94591874351107030        0.0000000000000000        6.3000000000000042E-002
   291.48670606694174      -0.94315086943589166      -0.94315086943589166        0.0000000000000000        6.4000000000000043E-002
   290.49612443588899      -0.94031061333445631      -0.94031061333445631        0.0000000000000000        6.5000000000000044E-002
   289.53408132927950      -0.93739869281894983      -0.93739869281894983        0.0000000000000000        6.6000000000000045E-002
   288.59934056587815      -0.93441587779747393      -0.93441587779747393        0.0000000000000000        6.7000000000000046E-002
   287.69073691589472      -0.93136298721353428      -0.93136298721353428        0.0000000000000000        6.8000000000000047E-002
   286.80717105869564      -0.92824088585171660      -0.92824088585171660        0.0000000000000000        6.9000000000000047E-002
   285.94760496581682      -0.92505048121595634      -0.92505048121595634        0.0000000000000000        7.0000000000000048E-002
   285.11105766791690      -0.92179272048590621      -0.92179272048590621        0.0000000000000000        7.1000000000000049E-002
   284.29660136885036      -0.91846858755594751      -0.91846858755594751        0.0000000000000000        7.2000000000000050E-002
   283.50335787402719      -0.91507910016058802      -0.91507910016058802        0.0000000000000000        7.3000000000000051E-002
   282.73049530373453      -0.91162530708923495      -0.91162530708923495        0.0000000000000000        7.4000000000000052E-002
   281.97722506518494      -0.90810828549264799      -0.90810828549264799        0.0000000000000000        7.5000000000000053E-002
   281.24279905978744      -0.90452913828274284      -0.90452913828274284        0.0000000000000000        7.6000000000000054E-002
   280.52650710454725      -0.90088899162687863      -0.90088899162687863        0.0000000000000000        7.7000000000000055E-002
   279.82767454864097      -0.89718899253721318      -0.89718899253721318        0.0000000000000000        7.8000000000000055E-002
   279.14566006810861      -0.89343030655531785      -0.89343030655531785        0.0000000000000000        7.9000000000000056E-002
   278.47985362329058      -0.88961411553177250      -0.88961411553177250        0.0000000000000000        8.0000000000000057E-002
   277.82967456513705      -0.88574161550017094      -0.88574161550017094        0.0000000000000000        8.1000000000000058E-002
   277.19456987785469      -0.88181401464456388      -0.88181401464456388        0.0000000000000000        8.2000000000000059E-002
   276.57401254655076      -0.87783253135920702      -0.87783253135920702        0.0000000000000000        8.3000000000000060E-002
   275.96750003959949      -0.87379839239910451      -0.87379839239910451        0.0000000000000000        8.4000000000000061E-002
   275.37455289641304      -0.86971283111975506      -0.86971283111975506        0.0000000000000000        8.5000000000000062E-002
   274.79471341215549      -0.86557708580421355      -0.86557708580421355        0.0000000000000000        8.6000000000000063E-002
   274.22754441170559      -0.86139239807555013      -0.86139239807555013        0.0000000000000000        8.7000000000000063E-002
   273.67262810586806      -0.85716001139253784      -0.85716001139253784        0.0000000000000000        8.8000000000000064E-002
   273.12956502345139      -0.85288116962640903      -0.85288116962640903        0.0000000000000000        8.9000000000000065E-002
   272.59797301339404      -0.84855711571634584      -0.84855711571634584        0.0000000000000000        9.0000000000000066E-002
   272.07748631162332      -0.84418909040137646      -0.84418909040137646        0.0000000000000000        9.1000000000000067E-002
   271.56775466779055      -0.83977833102626087      -0.83977833102626087        0.0000000000000000        9.2000000000000068E-002
   271.06844252743673      -0.83532607041892371      -0.83532607041892371        0.0000000000000000        9.3000000000000069E-002
   270.57922826551817      -0.83083353583698449      -0.83083353583698449        0.0000000000000000        9.4000000000000070E-002
   270.09980346755941      -0.82630194798093115      -0.82630194798093115        0.0000000000000000        9.5000000000000070E-002
   269.62987225500905      -0.82173252007145758      -0.82173252007145758        0.0000000000000000        9.6000000000000071E-002
   269.16915065165125      -0.81712645698854403      -0.81712645698854403        0.0000000000000000        9.7000000000000072E-002
   268.71736598818262      -0.81248495446984048      -0.81248495446984048        0.0000000000000000        9.8000000000000073E-002
   268.27425634229093      -0.80780919836596776      -0.80780919836596776        0.0000000000000000        9.9000000000000074E-002
   267.83957001178698      -0.80310036395037654      -0.80310036395037654        0.0000000000000000       0.10000000000000007     
   267.41306501852830      -0.79835961528144739      -0.79835961528144739        0.0000000000000000       0.10100000000000008     
   266.99450864105256      -0.79358810461455498      -0.79358810461455498        0.0000000000000000       0.10200000000000008     
   266.58367697399530      -0.78878697186188373      -0.78878697186188373        0.0000000000000000       0.10300000000000008     
   266.18035451251404      -0.78395734409780671      -0.78395734409780671        0.0000000000000000       0.10400000000000008     
   265.78433376007570      -0.77910033510773757      -0.77910033510773757        0.0000000000000000       0.10500000000000008     
   265.39541485808445      -0.77421704497838750      -0.77421704497838750        0.0000000000000000       0.10600000000000008     
   265.01340523594240      -0.76930855972739698      -0.76930855972739698        0.0000000000000000       0.10700000000000008     
   264.63811928023551      -0.76437595097046085      -0.76437595097046085        0.0000000000000000       0.10800000000000008     
   264.26937802183465      -0.75942027562403491      -0.75942027562403491        0.0000000000000000       0.10900000000000008     
   263.90700883978712      -0.75444257564178541      -0.75444257564178541        0.0000000000000000       0.11000000000000008     
   263.55084518095458      -0.74944387778309474      -0.74944387778309474        0.0000000000000000       0.11100000000000008     
   263.20072629442620      -0.74442519341184532      -0.74442519341184532        0.0000000000000000       0.11200000000000009     
   262.85649697980557      -0.73938751832392402      -0.73938751832392402        0.0000000000000000       0.11300000000000009     
   262.51800734853009      -0.73433183260180912      -0.73433183260180912        0.0000000000000000       0.11400000000000009     
   262.18511259744162      -0.72925910049479215      -0.72925910049479215        0.0000000000000000       0.11500000000000009     
   261.85767279387846      -0.72417027032333603      -0.72417027032333603        0.0000000000000000       0.11600000000000009     
   261.53555267160920      -0.71906627440617465      -0.71906627440617465        0.0000000000000000       0.11700000000000009     
   261.21862143697456      -0.71394802900885557      -0.71394802900885557        0.0000000000000000       0.11800000000000009     
   260.90675258464438      -0.70881643431237296      -0.70881643431237296        0.0000000000000000       0.11900000000000009     
   260.59982372243752      -0.70367237440076513      -0.70367237440076513        0.0000000000000000       0.12000000000000009     
   260.29771640468675      -0.69851671726639064      -0.69851671726639064        0.0000000000000000       0.12100000000000009     
   260.00031597366564      -0.69335031483181297      -0.69335031483181297        0.0000000000000000       0.12200000000000009     
   259.70751140862507      -0.68817400298725662      -0.68817400298725662        0.0000000000000000       0.12300000000000010     
   259.41919518201547      -0.68298860164252606      -0.68298860164252606        0.0000000000000000       0.12400000000000010     
   259.13526312249837      -0.67779491479244802      -0.67779491479244802        0.0000000000000000       0.12500000000000008     
   258.85561428437438      -0.67259373059497218      -0.67259373059497218        0.0000000000000000       0.12600000000000008     
   258.58015082308054      -0.66738582146089809      -0.66738582146089809        0.0000000000000000       0.12700000000000009     
   258.30877787642783      -0.66217194415449299      -0.66217194415449299        0.0000000000000000       0.12800000000000009     
   258.04140345127314      -0.65695283990422049      -0.65695283990422049        0.0000000000000000       0.12900000000000009     
   257.77793831533609      -0.65172923452265286      -0.65172923452265286        0.0000000000000000       0.13000000000000009     
   257.51829589389081      -0.64650183853505250      -0.64650183853505250        0.0000000000000000       0.13100000000000009     
   257.26239217107627      -0.64127134731574964      -0.64127134731574964        0.0000000000000000       0.13200000000000009     
   257.01014559558666      -0.63603844123179898      -0.63603844123179898        0.0000000000000000       0.13300000000000009     
   256.76147699051592      -0.63080378579320318      -0.63080378579320318        0.0000000000000000       0.13400000000000009     
   256.51630946714334      -0.62556803180914489      -0.62556803180914489        0.0000000000000000       0.13500000000000009     
   256.27456834246135      -0.62033181554969596      -0.62033181554969596        0.0000000000000000       0.13600000000000009     
   256.03618106025584      -0.61509575891243273      -0.61509575891243273        0.0000000000000000       0.13700000000000009     
   255.80107711556195      -0.60986046959349682      -0.60986046959349682        0.0000000000000000       0.13800000000000009     
   255.56918798232789      -0.60462654126259463      -0.60462654126259463        0.0000000000000000       0.13900000000000010     
   255.34044704412781      -0.59939455374153838      -0.59939455374153838        0.0000000000000000       0.14000000000000010     
   255.11478952777546      -0.59416507318585032      -0.59416507318585032        0.0000000000000000       0.14100000000000010     
   254.89215243969656      -0.58893865226908693      -0.58893865226908693        0.0000000000000000       0.14200000000000010     
   254.67247450492789      -0.58371583036948871      -0.58371583036948871        0.0000000000000000       0.14300000000000010     
   254.45569610861622      -0.57849713375858780      -0.57849713375858780        0.0000000000000000       0.14400000000000010     
   254.24175923989844      -0.57328307579149462      -0.57328307579149462        0.0000000000000000       0.14500000000000010     
   254.03060743805074      -0.56807415709848819      -0.56807415709848819        0.0000000000000000       0.14600000000000010     
   253.82218574079926      -0.56287086577765022      -0.56287086577765022        0.0000000000000000       0.14700000000000010     
   253.61644063469259      -0.55767367758832620      -0.55767367758832620        0.0000000000000000       0.14800000000000010     
   253.41332000743978      -0.55248305614502735      -0.55248305614502735        0.0000000000000000       0.14900000000000010     
   253.21277310212372      -0.54729945311165951      -0.54729945311165951        0.0000000000000000       0.15000000000000011     
   253.01475047320412      -0.54212330839579692      -0.54212330839579692        0.0000000000000000       0.15100000000000011     
   252.81920394422883      -0.53695505034278379      -0.53695505034278379        0.0000000000000000       0.15200000000000011     
   252.62608656717671      -0.53179509592952634      -0.53179509592952634        0.0000000000000000       0.15300000000000011     
   252.43535258335800      -0.52664385095769184      -0.52664385095769184        0.0000000000000000       0.15400000000000011     
   252.24695738580431      -0.52150171024627490      -0.52150171024627490        0.0000000000000000       0.15500000000000011     
   252.06085748308072      -0.51636905782324449      -0.51636905782324449        0.0000000000000000       0.15600000000000011     
   251.87701046445895      -0.51124626711624954      -0.51124626711624954        0.0000000000000000       0.15700000000000011     
   251.69537496639077      -0.50613370114212342      -0.50613370114212342        0.0000000000000000       0.15800000000000011     
   251.51591064022645      -0.50103171269519464      -0.50103171269519464        0.0000000000000000       0.15900000000000011     
   251.33857812112359      -0.49594064453415565      -0.49594064453415565        0.0000000000000000       0.16000000000000011     
   251.16333899809584      -0.49086082956749288      -0.49086082956749288        0.0000000000000000       0.16100000000000012     
   250.99015578515269      -0.48579259103733774      -0.48579259103733774        0.0000000000000000       0.16200000000000012     
   250.81899189348431      -0.48073624270160675      -0.48073624270160675        0.0000000000000000       0.16300000000000012     
   250.64981160464737      -0.47569208901446447      -0.47569208901446447        0.0000000000000000       0.16400000000000012     
   250.48258004470972      -0.47066042530489460      -0.47066042530489460        0.0000000000000000       0.16500000000000012     
   250.31726315931476      -0.46564153795341823      -0.46564153795341823        0.0000000000000000       0.16600000000000012     
   250.15382768962650      -0.46063570456687131      -0.46063570456687131        0.0000000000000000       0.16700000000000012     
   249.99224114912008      -0.45564319415114252      -0.45564319415114252        0.0000000000000000       0.16800000000000012     
   249.83247180118272      -0.45066426728190112      -0.45066426728190112        0.0000000000000000       0.16900000000000012     
   249.67448863749198      -0.44569917627321343      -0.44569917627321343        0.0000000000000000       0.17000000000000012     
   249.51826135714072      -0.44074816534400840      -0.44074816534400840        0.0000000000000000       0.17100000000000012     
   249.36376034647790      -0.43581147078241145      -0.43581147078241145        0.0000000000000000       0.17200000000000013     
   249.21095665963747      -0.43088932110785938      -0.43088932110785938        0.0000000000000000       0.17300000000000013     
   249.05982199972735      -0.42598193723101874      -0.42598193723101874        0.0000000000000000       0.17400000000000013     
   248.91032870065297      -0.42108953261145998      -0.42108953261145998        0.0000000000000000       0.17500000000000013     
   248.76244970955031      -0.41621231341307130      -0.41621231341307130        0.0000000000000000       0.17600000000000013     
   248.61615856980467      -0.41135047865718344      -0.41135047865718344        0.0000000000000000       0.17700000000000013     
   248.47142940463229      -0.40650422037348821      -0.40650422037348821        0.0000000000000000       0.17800000000000013     
   248.32823690120355      -0.40167372374861865      -0.40167372374861865        0.0000000000000000       0.17900000000000013     
   248.18655629528661      -0.39685916727243153      -0.39685916727243153        0.0000000000000000       0.18000000000000013     
   248.04636335639154      -0.39206072288207872      -0.39206072288207872        0.0000000000000000       0.18100000000000013     
   247.90763437339672      -0.38727855610368278      -0.38727855610368278        0.0000000000000000       0.18200000000000013     
   247.77034614063805      -0.38251282619182736      -0.38251282619182736        0.0000000000000000       0.18300000000000013     
   247.63447594444503      -0.37776368626673518      -0.37776368626673518        0.0000000000000000       0.18400000000000014     
   247.50000155010588      -0.37303128344916769      -0.37303128344916769        0.0000000000000000       0.18500000000000014     
   247.36690118924642      -0.36831575899307778      -0.36831575899307778        0.0000000000000000       0.18600000000000014     
   247.23515354760724      -0.36361724841603582      -0.36361724841603582        0.0000000000000000       0.18700000000000014     
   247.10473775320460      -0.35893588162737955      -0.35893588162737955        0.0000000000000000       0.18800000000000014     
   246.97563336486098      -0.35427178305419804      -0.35427178305419804        0.0000000000000000       0.18900000000000014     
   246.84782036109181      -0.34962507176507729      -0.34962507176507729        0.0000000000000000       0.19000000000000014     
   246.72127912933570      -0.34499586159166051      -0.34499586159166051        0.0000000000000000       0.19100000000000014     
   246.59599045551559      -0.34038426124806909      -0.34038426124806909        0.0000000000000000       0.19200000000000014     
   246.47193551391925      -0.33579037444817750      -0.33579037444817750        0.0000000000000000       0.19300000000000014     
   246.34909585738740      -0.33121430002069940      -0.33121430002069940        0.0000000000000000       0.19400000000000014     
   246.22745340779909      -0.32665613202226518      -0.32665613202226518        0.0000000000000000       0.19500000000000015     
   246.10699044684310      -0.32211595984835262      -0.32211595984835262        0.0000000000000000       0.19600000000000015     
   245.98768960706633      -0.31759386834216252      -0.31759386834216252        0.0000000000000000       0.19700000000000015     
   245.86953386318865      -0.31308993790150230      -0.31308993790150230        0.0000000000000000       0.19800000000000015     
   245.75250652367532      -0.30860424458356062      -0.30860424458356062        0.0000000000000000       0.19900000000000015     
   245.63659122255831      -0.30413686020785902      -0.30413686020785902        0.0000000000000000       0.20000000000000015     
   245.52177191149758      -0.29968785245702767      -0.29968785245702767        0.0000000000000000       0.20100000000000015     
   245.40803285207426      -0.29525728497583992      -0.29525728497583992        0.0000000000000000       0.20200000000000015     
   245.29535860830794      -0.29084521746821979      -0.29084521746821979        0.0000000000000000       0.20300000000000015     
   245.18373403939063      -0.28645170579239776      -0.28645170579239776        0.0000000000000000       0.20400000000000015     
   245.07314429262934      -0.28207680205419139      -0.28207680205419139        0.0000000000000000       0.20500000000000015     
   244.96357479659150      -0.27772055469848722      -0.27772055469848722        0.0000000000000000       0.20600000000000016     
   244.85501125444540      -0.27338300859888454      -0.27338300859888454        0.0000000000000000       0.20700000000000016     
   244.74743963748949      -0.26906420514555573      -0.26906420514555573        0.0000000000000000       0.20800000000000016     
   244.64084617886482      -0.26476418233138599      -0.26476418233138599        0.0000000000000000       0.20900000000000016     
   244.53521736744375      -0.26048297483633776      -0.26048297483633776        0.0000000000000000       0.21000000000000016     
   244.43053994188986      -0.25622061411016706      -0.25622061411016706        0.0000000000000000       0.21100000000000016     
   244.32680088488303      -0.25197712845342346      -0.25197712845342346        0.0000000000000000       0.21200000000000016     
   244.22398741750453      -0.24775254309682881      -0.24775254309682881        0.0000000000000000       0.21300000000000016     
   244.12208699377726      -0.24354688027901672      -0.24354688027901672        0.0000000000000000       0.21400000000000016     
   244.02108729535530      -0.23936015932270149      -0.23936015932270149        0.0000000000000000       0.21500000000000016     
   243.92097622635910      -0.23519239670923808      -0.23519239670923808        0.0000000000000000       0.21600000000000016     
   243.82174190835073      -0.23104360615170239      -0.23104360615170239        0.0000000000000000       0.21700000000000016     
   243.72337267544538      -0.22691379866637673      -0.22691379866637673        0.0000000000000000       0.21800000000000017     
   243.62585706955446      -0.22280298264285192      -0.22280298264285192        0.0000000000000000       0.21900000000000017     
   243.52918383575647      -0.21871116391254930      -0.21871116391254930        0.0000000000000000       0.22000000000000017     
   243.43334191779121      -0.21463834581584329      -0.21463834581584329        0.0000000000000000       0.22100000000000017     
   243.33832045367402      -0.21058452926786353      -0.21058452926786353        0.0000000000000000       0.22200000000000017     
   243.24410877142591      -0.20654971282275114      -0.20654971282275114        0.0000000000000000       0.22300000000000017     
   243.15069638491642      -0.20253389273665234      -0.20253389273665234        0.0000000000000000       0.22400000000000017     
   243.05807298981509      -0.19853706302937435      -0.19853706302937435        0.0000000000000000       0.22500000000000017     
   242.96622845964916      -0.19455921554467281      -0.19455921554467281        0.0000000000000000       0.22600000000000017     
   242.87515284196331      -0.19060034000929493      -0.19060034000929493        0.0000000000000000       0.22700000000000017     
   242.78483635457911      -0.18666042409073202      -0.18666042409073202        0.0000000000000000       0.22800000000000017     
   242.69526938195068      -0.18273945345370157      -0.18273945345370157        0.0000000000000000       0.22900000000000018     
   242.60644247161389      -0.17883741181552837      -0.17883741181552837        0.0000000000000000       0.23000000000000018     
   242.51834633072642      -0.17495428100012822      -0.17495428100012822        0.0000000000000000       0.23100000000000018     
   242.43097182269554      -0.17109004099101455      -0.17109004099101455        0.0000000000000000       0.23200000000000018     
   242.34430996389162      -0.16724466998304255      -0.16724466998304255        0.0000000000000000       0.23300000000000018     
   242.25835192044426      -0.16341814443301095      -0.16341814443301095        0.0000000000000000       0.23400000000000018     
   242.17308900511907      -0.15961043910923101      -0.15961043910923101        0.0000000000000000       0.23500000000000018     
   242.08851267427235      -0.15582152713996233      -0.15582152713996233        0.0000000000000000       0.23600000000000018     
   242.00461452488184      -0.15205138006076335      -0.15205138006076335        0.0000000000000000       0.23700000000000018     
   241.92138629165086      -0.14829996786082067      -0.14829996786082067        0.0000000000000000       0.23800000000000018     
   241.83881984418412      -0.14456725902826295      -0.14456725902826295        0.0000000000000000       0.23900000000000018     
   241.75690718423283      -0.14085322059445393      -0.14085322059445393        0.0000000000000000       0.24000000000000019     
   241.67564044300741      -0.13715781817726935      -0.13715781817726935        0.0000000000000000       0.24100000000000019     
   241.59501187855571      -0.13348101602349083      -0.13348101602349083        0.0000000000000000       0.24200000000000019     
   241.51501387320468      -0.12982277705016276      -0.12982277705016276        0.0000000000000000       0.24300000000000019     
   241.43563893106429      -0.12618306288505821      -0.12618306288505821        0.0000000000000000       0.24400000000000019     
   241.35687967559122      -0.12256183390623054      -0.12256183390623054        0.0000000000000000       0.24500000000000019     
   241.27872884721120      -0.11895904928070034      -0.11895904928070034        0.0000000000000000       0.24600000000000019     
   241.20117930099821      -0.11537466700226118      -0.11537466700226118        0.0000000000000000       0.24700000000000019     
   241.12422400440852      -0.11180864392832690      -0.11180864392832690        0.0000000000000000       0.24800000000000019     
   241.04785603506897      -0.10826093581612362      -0.10826093581612362        0.0000000000000000       0.24900000000000019     
   240.97206857861713      -0.10473149735792509      -0.10473149735792509        0.0000000000000000       0.25000000000000017     
   240.89685492659214      -0.10122028221548574      -0.10122028221548574        0.0000000000000000       0.25100000000000017     
   240.82220847437537       -9.7727243053780999E-002  -9.7727243053780999E-002   0.0000000000000000       0.25200000000000017     
   240.74812271917858       -9.4252331573870141E-002  -9.4252331573870141E-002   0.0000000000000000       0.25300000000000017     
   240.67459125807929       -9.0795498545089504E-002  -9.0795498545089504E-002   0.0000000000000000       0.25400000000000017     
   240.60160778610134       -8.7356693836385113E-002  -8.7356693836385113E-002   0.0000000000000000       0.25500000000000017     
   240.52916609433970       -8.3935866447096719E-002  -8.3935866447096719E-002   0.0000000000000000       0.25600000000000017     
   240.45726006812853       -8.0532964536849216E-002  -8.0532964536849216E-002   0.0000000000000000       0.25700000000000017     
   240.38588368525097       -7.7147935454863759E-002  -7.7147935454863759E-002   0.0000000000000000       0.25800000000000017     
   240.31503101418969       -7.3780725768550215E-002  -7.3780725768550215E-002   0.0000000000000000       0.25900000000000017     
   240.24469621241730       -7.0431281291455816E-002  -7.0431281291455816E-002   0.0000000000000000       0.26000000000000018     
   240.17487352472540       -6.7099547110483604E-002  -6.7099547110483604E-002   0.0000000000000000       0.26100000000000018     
   240.10555728159105       -6.3785467612589741E-002  -6.3785467612589741E-002   0.0000000000000000       0.26200000000000018     
   240.03674189758013       -6.0488986510763176E-002  -6.0488986510763176E-002   0.0000000000000000       0.26300000000000018     
   239.96842186978631       -5.7210046869425990E-002  -5.7210046869425990E-002   0.0000000000000000       0.26400000000000018     
   239.90059177630474       -5.3948591129237444E-002  -5.3948591129237444E-002   0.0000000000000000       0.26500000000000018     
   239.83324627473968       -5.0704561131283521E-002  -5.0704561131283521E-002   0.0000000000000000       0.26600000000000018     
   239.76638010074507       -4.7477898140726227E-002  -4.7477898140726227E-002   0.0000000000000000       0.26700000000000018     
   239.69998806659711       -4.4268542869905669E-002  -4.4268542869905669E-002   0.0000000000000000       0.26800000000000018     
   239.63406505979844       -4.1076435500783881E-002  -4.1076435500783881E-002   0.0000000000000000       0.26900000000000018     
   239.56860604171268       -3.7901515706994515E-002  -3.7901515706994515E-002   0.0000000000000000       0.27000000000000018     
   239.50360604622844       -3.4743722675285804E-002  -3.4743722675285804E-002   0.0000000000000000       0.27100000000000019     
   239.43906017845291       -3.1602995126439715E-002  -3.1602995126439715E-002   0.0000000000000000       0.27200000000000019     
   239.37496361343301       -2.8479271335699385E-002  -2.8479271335699385E-002   0.0000000000000000       0.27300000000000019     
   239.31131159490471       -2.5372489152745259E-002  -2.5372489152745259E-002   0.0000000000000000       0.27400000000000019     
   239.24809943406865       -2.2282586021110662E-002  -2.2282586021110662E-002   0.0000000000000000       0.27500000000000019     
   239.18532250839237       -1.9209498997203700E-002  -1.9209498997203700E-002   0.0000000000000000       0.27600000000000019     
   239.12297626043770       -1.6153164768754058E-002  -1.6153164768754058E-002   0.0000000000000000       0.27700000000000019     
   239.06105619671337       -1.3113519672992235E-002  -1.3113519672992235E-002   0.0000000000000000       0.27800000000000019     
   238.99955788655154       -1.0090499714149326E-002  -1.0090499714149326E-002   0.0000000000000000       0.27900000000000019     
   238.93847696100838       -7.0840405807137685E-003  -7.0840405807137685E-003   0.0000000000000000       0.28000000000000019     
   238.87780911178749       -4.0940776622013786E-003  -4.0940776622013786E-003   0.0000000000000000       0.28100000000000019     
   238.81755009018579       -1.1205460654750699E-003  -1.1205460654750699E-003   0.0000000000000000       0.28200000000000019     
   238.75769570606172        1.8366193693191146E-003   1.8366193693191146E-003   0.0000000000000000       0.28300000000000020     
   238.69824182682447        4.7774840531591423E-003   4.7774840531591336E-003   0.0000000000000000       0.28400000000000020     
   238.63918437644446        7.7021136330495121E-003   7.7021136330478607E-003   0.0000000000000000       0.28500000000000020     
   238.58051933448408        1.0610573977213322E-002   1.0610573977201027E-002   0.0000000000000000       0.28600000000000020     
   238.52224273514838        1.3502931160675358E-002   1.3502931160634023E-002   0.0000000000000000       0.28700000000000020     
   238.46435066635524        1.6379251451252408E-002   1.6379251451162858E-002   0.0000000000000000       0.28800000000000020     
   238.40683926882454        1.9239601295853115E-002   1.9239601295690655E-002   0.0000000000000000       0.28900000000000020     
   238.34970473518572        2.2084047307145971E-002   2.2084047306881252E-002   0.0000000000000000       0.29000000000000020     
   238.29294330910369        2.4912656250551057E-002   2.4912656250152005E-002   0.0000000000000000       0.29100000000000020     
   238.23655128442221        2.7725495031569070E-002   2.7725495031003182E-002   0.0000000000000000       0.29200000000000020     
   238.18052500432452        3.0522630683475604E-002   3.0522630682734499E-002   0.0000000000000000       0.29300000000000020     
   238.12486086051098        3.3304130355281902E-002   3.3304130354335409E-002   0.0000000000000000       0.29400000000000021     
   238.06955529239295        3.6070061300029321E-002   3.6070061298874093E-002   0.0000000000000000       0.29500000000000021     
   238.01460478630298        3.8820490863349821E-002   3.8820490861959996E-002   0.0000000000000000       0.29600000000000021     
   237.96000587472037        4.1555486472440339E-002   4.1555486470815611E-002   0.0000000000000000       0.29700000000000021     
   237.90575513551249        4.4275115625145967E-002   4.4275115623266428E-002   0.0000000000000000       0.29800000000000021     
   237.85184919119058        4.6979445879517190E-002   4.6979445877384757E-002   0.0000000000000000       0.29900000000000021     
   237.79828470818066        4.9668544843500584E-002   4.9668544841113674E-002   0.0000000000000000       0.30000000000000021     
   237.74505839610839        5.2342480164960126E-002   5.2342480162294792E-002   0.0000000000000000       0.30100000000000021     
   237.69216700709811        5.5001319522020919E-002   5.5001319519070238E-002   0.0000000000000000       0.30200000000000021     
   237.63960733508537        5.7645130613534157E-002   5.7645130610305607E-002   0.0000000000000000       0.30300000000000021     
   237.58737621514297        6.0273981149921108E-002   6.0273981146409777E-002   0.0000000000000000       0.30400000000000021     
   237.53547052281991        6.2887938844215618E-002   6.2887938840438945E-002   0.0000000000000000       0.30500000000000022     
   237.48388717349317        6.5487071403343089E-002   6.5487071399320140E-002   0.0000000000000000       0.30600000000000022     
   237.43262312173187        6.8071446519644585E-002   6.8071446515396344E-002   0.0000000000000000       0.30700000000000022     
   237.38167536067368        7.0641131862709816E-002   7.0641131858235368E-002   0.0000000000000000       0.30800000000000022     
   237.33104092141315        7.3196195071230319E-002   7.3196195066543776E-002   0.0000000000000000       0.30900000000000022     
   237.28071687240157        7.5736703745310718E-002   7.5736703740366187E-002   0.0000000000000000       0.31000000000000022     
   237.23070031885840        7.8262725438854597E-002   7.8262725434085606E-002   0.0000000000000000       0.31100000000000022     
   237.18098840219361        8.0774327652240130E-002   8.0774327646238084E-002   0.0000000000000000       0.31200000000000022     
   237.13157829944114        8.3271577825117848E-002   8.3271577799095844E-002   0.0000000000000000       0.31300000000000022     
   237.08246722270283        8.5754543329463084E-002   8.5754543460764790E-002   0.0000000000000000       0.31400000000000022     
   237.03365241860286        8.8223291462873110E-002   8.8223292868255768E-002   0.0000000000000000       0.31500000000000022     
   236.98513116775226        9.0677889441937332E-002   9.0677884318005483E-002   0.0000000000000000       0.31600000000000023     
   236.93690078422367        9.3118404395931220E-002   9.3118303383505810E-002   0.0000000000000000       0.31700000000000023     
   236.88895861503548        9.5544903360555322E-002   9.5544398102282838E-002   0.0000000000000000       0.31800000000000023     
   236.84130203964577        9.7957453271992678E-002   9.7957624735594356E-002   0.0000000000000000       0.31900000000000023     
   236.79392846945544       0.10035612096102975       0.10036786249966020        0.0000000000000000       0.32000000000000023     
   236.74683534732063       0.10274097314747288       0.10281234136074327        0.0000000000000000       0.32100000000000023     
   236.70002014707387       0.10511207643456055       0.10542944709339855        0.0000000000000000       0.32200000000000023     
   236.65348037305418       0.10746949730368405       0.10843442370847903        0.0000000000000000       0.32300000000000023     
   236.60721355964554       0.10981330210925888       0.11104641135798660        0.0000000000000000       0.32400000000000023     
   236.56121727082393       0.11214355707363843       0.12419070992074896        0.0000000000000000       0.32500000000000023     
   236.51548909971243       0.11446032828235619       0.32393270075326630        0.0000000000000000       0.32600000000000023     
   236.47002666814433       0.11676368167931939        3.3515615192092905        0.0000000000000000       0.32700000000000023     
   236.42482762623430       0.11905368306233610       -446.40609691027669        0.0000000000000000       0.32800000000000024     
   236.37988965195703       0.12133039807865353       -446.40382019526038        0.0000000000000000       0.32900000000000024     
   236.33521045073346       0.12359389222067474       -446.40155670111835        0.0000000000000000       0.33000000000000024     
   236.29078775502444       0.12584423082187368       -446.39930636251717        0.0000000000000000       0.33100000000000024     
   236.24661932393167       0.12808147905275691       -446.39706911428630        0.0000000000000000       0.33200000000000024     
   236.20270294280544       0.13030570191696667       -446.39484489142211        0.0000000000000000       0.33300000000000024     
   236.15903642285974       0.13251696424758297       -446.39263362909151        0.0000000000000000       0.33400000000000024     
   236.11561760079368       0.13471533070345187       -446.39043526263566        0.0000000000000000       0.33500000000000024     
   236.07244433841984       0.13690086576572713       -446.38824972757340        0.0000000000000000       0.33600000000000024     
   236.02951452229914       0.13907363373445514       -446.38607695960468        0.0000000000000000       0.33700000000000024     
   235.98682606338193       0.14123369872530067       -446.38391689461383        0.0000000000000000       0.33800000000000024     
   235.94437689665540       0.14338112466646202       -446.38176946867264        0.0000000000000000       0.33900000000000025     
   235.90216498079718       0.14551597529552929       -446.37963461804355        0.0000000000000000       0.34000000000000025     
   235.86018829783484       0.14763831415661532       -446.37751227918244        0.0000000000000000       0.34100000000000025     
   235.81844485281127       0.14974820459747429       -446.37540238874158        0.0000000000000000       0.34200000000000025     
   235.77693267345586       0.15184570976683842       -446.37330488357219        0.0000000000000000       0.34300000000000025     
   235.73564980986131       0.15393089261174708       -446.37121970072729        0.0000000000000000       0.34400000000000025     
   235.69459433416591       0.15600381587500922       -446.36914677746404        0.0000000000000000       0.34500000000000025     
   235.65376434024142       0.15806454209277510       -446.36708605124625        0.0000000000000000       0.34600000000000025     
   235.61315794338597       0.16011313359221702       -446.36503745974682        0.0000000000000000       0.34700000000000025     
   235.57277328002240       0.16214965248927027       -446.36300094084976        0.0000000000000000       0.34800000000000025     
   235.53260850740165       0.16417416068644908       -446.36097643265259        0.0000000000000000       0.34900000000000025     
   235.49266180331105       0.16618671987077782       -446.35896387346827        0.0000000000000000       0.35000000000000026     
   235.45293136578761       0.16818739151185258       -446.35696320182717        0.0000000000000000       0.35100000000000026     
   235.41341541283620       0.17017623685983052       -446.35497435647920        0.0000000000000000       0.35200000000000026     
   235.37411218215215       0.17215331694372993       -446.35299727639529        0.0000000000000000       0.35300000000000026     
   235.33501993084883       0.17411869256955081       -446.35103190076944        0.0000000000000000       0.35400000000000026     
   235.29613693518951       0.17607242431871151       -446.34907816902029        0.0000000000000000       0.35500000000000026     
   235.25746149032372       0.17801457254639685       -446.34713602079262        0.0000000000000000       0.35600000000000026     
   235.21899191002805       0.17994519738003567       -446.34520539595900        0.0000000000000000       0.35700000000000026     
   235.18072652645108       0.18186435871787654       -446.34328623462113        0.0000000000000000       0.35800000000000026     
   235.14266368986273       0.18377211622755030       -446.34137847711145        0.0000000000000000       0.35900000000000026     
   235.10480176840741       0.18566852934485967       -446.33948206399413        0.0000000000000000       0.36000000000000026     
   235.06713914786150       0.18755365727237616       -446.33759693606663        0.0000000000000000       0.36100000000000027     
   235.02967423139452       0.18942755897841468       -446.33572303436057        0.0000000000000000       0.36200000000000027     
   234.99240543933448       0.19129029319580670       -446.33386030014316        0.0000000000000000       0.36300000000000027     
   234.95533120893668       0.19314191842084427       -446.33200867491814        0.0000000000000000       0.36400000000000027     
   234.91844999415662       0.19498249291237157       -446.33016810042659        0.0000000000000000       0.36500000000000027     
   234.88176026542624       0.19681207469073292       -446.32833851864825        0.0000000000000000       0.36600000000000027     
   234.84526050943398       0.19863072153692762       -446.32651987180208        0.0000000000000000       0.36700000000000027     
   234.80894922890835       0.20043849099181665       -446.32471210234718        0.0000000000000000       0.36800000000000027     
   234.77282494240467       0.20223544035528440       -446.32291515298368        0.0000000000000000       0.36900000000000027     
   234.73688618409574       0.20402162668557899       -446.32112896665336        0.0000000000000000       0.37000000000000027     
   234.70113150356539       0.20579710679858376       -446.31935348654036        0.0000000000000000       0.37100000000000027     
   234.66555946560541       0.20756193726721839       -446.31758865607173        0.0000000000000000       0.37200000000000027     
   234.63016865001589       0.20931617442087513       -446.31583441891809        0.0000000000000000       0.37300000000000028     
   234.59495765140835       0.21105987434490325       -446.31409071899407        0.0000000000000000       0.37400000000000028     
   234.55992507901246       0.21279309288007453       -446.31235750045892        0.0000000000000000       0.37500000000000028     
   234.52506955648522       0.21451588562220825       -446.31063470771676        0.0000000000000000       0.37600000000000028     
   234.49038972172366       0.21622830792176617       -446.30892228541722        0.0000000000000000       0.37700000000000028     
   234.45588422668004       0.21793041488345777       -446.30722017845551        0.0000000000000000       0.37800000000000028     
   234.42155173718024       0.21962226136602636       -446.30552833197294        0.0000000000000000       0.37900000000000028     
   234.38739093274469       0.22130390198190053       -446.30384669135708        0.0000000000000000       0.38000000000000028     
   234.35340050641247       0.22297539109698938       -446.30217520224198        0.0000000000000000       0.38100000000000028     
   234.31957916456761       0.22463678283054489       -446.30051381050845        0.0000000000000000       0.38200000000000028     
   234.28592562676849       0.22628813105491541       -446.29886246228409        0.0000000000000000       0.38300000000000028     
   234.25243862557969       0.22792948939552926       -446.29722110394346        0.0000000000000000       0.38400000000000029     
   234.21911690640636       0.22956091123077482       -446.29558968210819        0.0000000000000000       0.38500000000000029     
   234.18595922733132       0.23118244969192059       -446.29396814364702        0.0000000000000000       0.38600000000000029     
   234.15296435895442       0.23279415766319089       -446.29235643567574        0.0000000000000000       0.38700000000000029     
   234.12013108423452       0.23439608778168131       -446.29075450555723        0.0000000000000000       0.38800000000000029     
   234.08745819833365       0.23598829243753583       -446.28916230090135        0.0000000000000000       0.38900000000000029     
   234.05494450846390       0.23757082377390648       -446.28757976956496        0.0000000000000000       0.39000000000000029     
   234.02258883373617       0.23914373368717645       -446.28600685965171        0.0000000000000000       0.39100000000000029     
   233.99039000501151       0.24070707382700673       -446.28444351951185        0.0000000000000000       0.39200000000000029     
   233.95834686475459       0.24226089559662212       -446.28288969774223        0.0000000000000000       0.39300000000000029     
   233.92645826688945       0.24380525015287891       -446.28134534318599        0.0000000000000000       0.39400000000000029     
   233.89472307665716       0.24534018840661065       -446.27981040493228        0.0000000000000000       0.39500000000000030     
   233.86314017047590       0.24686576102281399       -446.27828483231605        0.0000000000000000       0.39600000000000030     
   233.83170843580291       0.24838201842095708       -446.27676857491792        0.0000000000000000       0.39700000000000030     
   233.80042677099868       0.24988901077525094       -446.27526158256364        0.0000000000000000       0.39800000000000030     
   233.76929408519291       0.25138678801500136       -446.27376380532388        0.0000000000000000       0.39900000000000030     
   233.73830929815259       0.25287539982498397       -446.27227519351391        0.0000000000000000       0.40000000000000030     
   233.70747134015207       0.25435489564574887       -446.27079569769313        0.0000000000000000       0.40100000000000030     
   233.67677915184495       0.25582532467406516       -446.26932526866483        0.0000000000000000       0.40200000000000030     
   233.64623168413777       0.25728673586333506       -446.26786385747556        0.0000000000000000       0.40300000000000030     
   233.61582789806579       0.25873917792402468       -446.26641141541489        0.0000000000000000       0.40400000000000030     
   233.58556676467029       0.26018269932409144       -446.26496789401483        0.0000000000000000       0.40500000000000030     
   233.55544726487790       0.26161734828950856       -446.26353324504942        0.0000000000000000       0.40600000000000031     
   233.52546838938153       0.26304317280473422       -446.26210742053416        0.0000000000000000       0.40700000000000031     
   233.49562913852304       0.26446022061322538       -446.26069037272566        0.0000000000000000       0.40800000000000031     
   233.46592852217765       0.26586853921794851       -446.25928205412094        0.0000000000000000       0.40900000000000031     
   233.43636555963997       0.26726817588198304       -446.25788241745693        0.0000000000000000       0.41000000000000031     
   233.40693927951179       0.26865917762900882       -446.25649141570989        0.0000000000000000       0.41100000000000031     
   233.37764871959121       0.27004159124396532       -446.25510900209491        0.0000000000000000       0.41200000000000031     
   233.34849292676364       0.27141546327360322       -446.25373513006525        0.0000000000000000       0.41300000000000031     
   233.31947095689421       0.27278084002706171       -446.25236975331177        0.0000000000000000       0.41400000000000031     
   233.29058187472162       0.27413776757660768       -446.25101282576225        0.0000000000000000       0.41500000000000031     
   233.26182475375381       0.27548629175811001       -446.24966430158076        0.0000000000000000       0.41600000000000031     
   233.23319867616476       0.27682645817185025       -446.24832413516702        0.0000000000000000       0.41700000000000031     
   233.20470273269288       0.27815831218310216       -446.24699228115577        0.0000000000000000       0.41800000000000032     
   233.17633602254094       0.27948189892281139       -446.24566869441605        0.0000000000000000       0.41900000000000032     
   233.14809765327726       0.28079726328833532       -446.24435333005056        0.0000000000000000       0.42000000000000032     
   233.11998674073826       0.28210444994408990       -446.24304614339479        0.0000000000000000       0.42100000000000032     
   233.09200240893259       0.28340350332229058       -446.24174709001659        0.0000000000000000       0.42200000000000032     
   233.06414378994631       0.28469446762368067       -446.24045612571518        0.0000000000000000       0.42300000000000032     
   233.03641002384964       0.28597738681827067       -446.23917320652060        0.0000000000000000       0.42400000000000032     
   233.00880025860479       0.28725230464605667       -446.23789828869280        0.0000000000000000       0.42500000000000032     
   232.98131364997533       0.28851926461779254       -446.23663132872105        0.0000000000000000       0.42600000000000032     
   232.95394936143646       0.28977831001577248       -446.23537228332304        0.0000000000000000       0.42700000000000032     
   232.92670656408683       0.29102948389459660       -446.23412110944423        0.0000000000000000       0.42800000000000032     
   232.89958443656153       0.29227282908190677       -446.23287776425690        0.0000000000000000       0.42900000000000033     
   232.87258216494598       0.29350838817925373       -446.23164220515957        0.0000000000000000       0.43000000000000033     
   232.84569894269140       0.29473620356285912       -446.23041438977594        0.0000000000000000       0.43100000000000033     
   232.81893397053125       0.29595631738440975       -446.22919427595440        0.0000000000000000       0.43200000000000033     
   232.79228645639867       0.29716877157189936       -446.22798182176689        0.0000000000000000       0.43300000000000033     
   232.76575561534531       0.29837360783043310       -446.22677698550837        0.0000000000000000       0.43400000000000033     
   232.73934066946109       0.29957086764305974       -446.22557972569575        0.0000000000000000       0.43500000000000033     
   232.71304084779513       0.30076059227161989       -446.22439000106721        0.0000000000000000       0.43600000000000033     
   232.68685538627767       0.30194282275756801       -446.22320777058127        0.0000000000000000       0.43700000000000033     
   232.66078352764302       0.30311759992283616       -446.22203299341601        0.0000000000000000       0.43800000000000033     
   232.63482452135381       0.30428496437065022       -446.22086562896817        0.0000000000000000       0.43900000000000033     
   232.60897762352576       0.30544495648648939       -446.21970563685232        0.0000000000000000       0.44000000000000034     
   232.58324209685404       0.30659761643880024       -446.21855297690001        0.0000000000000000       0.44100000000000034     
   232.55761721054012       0.30774298417999302       -446.21740760915884        0.0000000000000000       0.44200000000000034     
   232.53210224021984       0.30888109944722730       -446.21626949389162        0.0000000000000000       0.44300000000000034     
   232.50669646789251       0.31001200176338140       -446.21513859157545        0.0000000000000000       0.44400000000000034     
   232.48139918185066       0.31113573043784104       -446.21401486290097        0.0000000000000000       0.44500000000000034     
   232.45620967661097       0.31225232456744867       -446.21289826877137        0.0000000000000000       0.44600000000000034     
   232.43112725284607       0.31336182303734983       -446.21178877030150        0.0000000000000000       0.44700000000000034     
   232.40615121731716       0.31446426452191512       -446.21068632881691        0.0000000000000000       0.44800000000000034     
   232.38128088280757       0.31555968748563523       -446.20959090585319        0.0000000000000000       0.44900000000000034     
   232.35651556805709       0.31664813018402027       -446.20850246315479        0.0000000000000000       0.45000000000000034     
   232.33185459769746       0.31772963066447901       -446.20742096267435        0.0000000000000000       0.45100000000000035     
   232.30729730218823       0.31880422676723974       -446.20634636657161        0.0000000000000000       0.45200000000000035     
   232.28284301775395       0.31987195612628017       -446.20527863721259        0.0000000000000000       0.45300000000000035     
   232.25849108632178       0.32093285617019118       -446.20421773716868        0.0000000000000000       0.45400000000000035     
   232.23424085546011       0.32198696412314232       -446.20316362921574        0.0000000000000000       0.45500000000000035     
   232.21009167831801       0.32303431700572838       -446.20211627633313        0.0000000000000000       0.45600000000000035     
   232.18604291356525       0.32407495163597733       -446.20107564170286        0.0000000000000000       0.45700000000000035     
   232.16209392533335       0.32510890463016295       -446.20004168870867        0.0000000000000000       0.45800000000000035     
   232.13824408315725       0.32613621240379254       -446.19901438093501        0.0000000000000000       0.45900000000000035     
   232.11449276191766       0.32715691117252521       -446.19799368216627        0.0000000000000000       0.46000000000000035     
   232.09083934178435       0.32817103695305838       -446.19697955638571        0.0000000000000000       0.46100000000000035     
   232.06728320815995       0.32917862556407385       -446.19597196777471        0.0000000000000000       0.46200000000000035     
   232.04382375162461       0.33017971262715418       -446.19497088071165        0.0000000000000000       0.46300000000000036     
   232.02046036788133       0.33117433356772019       -446.19397625977109        0.0000000000000000       0.46400000000000036     
   231.99719245770194       0.33216252361591736       -446.19298806972290        0.0000000000000000       0.46500000000000036     
   231.97401942687381       0.33314431780757903       -446.19200627553124        0.0000000000000000       0.46600000000000036     
   231.95094068614719       0.33411975098515545       -446.19103084235365        0.0000000000000000       0.46700000000000036     
   231.92795565118334       0.33508885779858333       -446.19006173554021        0.0000000000000000       0.46800000000000036     
   231.90506374250310       0.33605167270626612       -446.18909892063255        0.0000000000000000       0.46900000000000036     
   231.88226438543623       0.33700822997598867       -446.18814236336283        0.0000000000000000       0.47000000000000036     
   231.85955701007151       0.33795856368581378       -446.18719202965298        0.0000000000000000       0.47100000000000036     
   231.83694105120713       0.33890270772503372       -446.18624788561374        0.0000000000000000       0.47200000000000036     
   231.81441594830207       0.33984069579508991       -446.18530989754368        0.0000000000000000       0.47300000000000036     
   231.79198114542780       0.34077256141048795       -446.18437803192830        0.0000000000000000       0.47400000000000037     
   231.76963609122078       0.34169833789972293       -446.18345225543908        0.0000000000000000       0.47500000000000037     
   231.74738023883538       0.34261805840619375       -446.18253253493259        0.0000000000000000       0.47600000000000037     
   231.72521304589750       0.34353175588913798       -446.18161883744966        0.0000000000000000       0.47700000000000037     
   231.70313397445878       0.34443946312455509       -446.18071113021426        0.0000000000000000       0.47800000000000037     
   231.68114249095123       0.34534121270609464       -446.17980938063272        0.0000000000000000       0.47900000000000037     
   231.65923806614256       0.34623703704599951       -446.17891355629280        0.0000000000000000       0.48000000000000037     
   231.63742017509205       0.34712696837600054       -446.17802362496280        0.0000000000000000       0.48100000000000037     
   231.61568829710677       0.34801103874828532       -446.17713955459050        0.0000000000000000       0.48200000000000037     
   231.59404191569868       0.34888928003633546       -446.17626131330246        0.0000000000000000       0.48300000000000037     
   231.57248051854185       0.34976172393589677       -446.17538886940292        0.0000000000000000       0.48400000000000037     
   231.55100359743062       0.35062840196583411       -446.17452219137300        0.0000000000000000       0.48500000000000038     
   231.52961064823788       0.35148934546910970       -446.17366124786975        0.0000000000000000       0.48600000000000038     
   231.50830117087406       0.35234458561362580       -446.17280600772523        0.0000000000000000       0.48700000000000038     
   231.48707466924671       0.35319415339317395       -446.17195643994569        0.0000000000000000       0.48800000000000038     
   231.46593065122028       0.35403807962829936       -446.17111251371057        0.0000000000000000       0.48900000000000038     
   231.44486862857661       0.35487639496724133       -446.17027419837160        0.0000000000000000       0.49000000000000038     
   231.42388811697595       0.35570912988680048       -446.16944146345202        0.0000000000000000       0.49100000000000038     
   231.40298863591806       0.35653631469324898       -446.16861427864558        0.0000000000000000       0.49200000000000038     
   231.38216970870434       0.35735797952321469       -446.16779261381561        0.0000000000000000       0.49300000000000038     
   231.36143086239986       0.35817415434460376       -446.16697643899420        0.0000000000000000       0.49400000000000038     
   231.34077162779636       0.35898486895743886       -446.16616572438136        0.0000000000000000       0.49500000000000038     
   231.32019153937514       0.35979015299479444       -446.16536044034399        0.0000000000000000       0.49600000000000039     
   231.29969013527096       0.36059003592366801       -446.16456055741514        0.0000000000000000       0.49700000000000039     
   231.27926695723588       0.36138454704583522       -446.16376604629295        0.0000000000000000       0.49800000000000039     
   231.25892155060384       0.36217371549875854       -446.16297687784004        0.0000000000000000       0.49900000000000039     
