    0.1666666667E+01    0.1471014067E+01    0.3048830598E-01    0.8269567503E-03    0.5081384330E-01    0.2758043023E-03
    0.5000000000E+01    0.2121569407E+01    0.3683758970E+02    0.9991730432E+00    0.1841879485E+03    0.9997241957E+00
    0.8333333333E+01    0.2515398672E+01    0.0000000000E+00    0.0000000000E+00    0.0000000000E+00    0.0000000000E+00
    0.1166666667E+02    0.2813948680E+01    0.0000000000E+00    0.0000000000E+00    0.0000000000E+00    0.0000000000E+00
    0.1500000000E+02    0.3059832565E+01    0.0000000000E+00    0.0000000000E+00    0.0000000000E+00    0.0000000000E+00
    0.1833333333E+02    0.3271505999E+01    0.0000000000E+00    0.0000000000E+00    0.0000000000E+00    0.0000000000E+00
    0.2166666667E+02    0.3458846403E+01    0.0000000000E+00    0.0000000000E+00    0.0000000000E+00    0.0000000000E+00
    0.2500000000E+02    0.3627832654E+01    0.0000000000E+00    0.0000000000E+00    0.0000000000E+00    0.0000000000E+00
    0.2833333333E+02    0.3782391391E+01    0.0000000000E+00    0.0000000000E+00    0.0000000000E+00    0.0000000000E+00
    0.3166666667E+02    0.3925256363E+01    0.0000000000E+00    0.0000000000E+00    0.0000000000E+00    0.0000000000E+00
    0.3500000000E+02    0.4058416274E+01    0.0000000000E+00    0.0000000000E+00    0.0000000000E+00    0.0000000000E+00
    0.3833333333E+02    0.4183368333E+01    0.0000000000E+00    0.0000000000E+00    0.0000000000E+00    0.0000000000E+00
    0.4166666667E+02    0.4301271226E+01    0.0000000000E+00    0.0000000000E+00    0.0000000000E+00    0.0000000000E+00
    0.4500000000E+02    0.4413042202E+01    0.0000000000E+00    0.0000000000E+00    0.0000000000E+00    0.0000000000E+00
    0.4833333333E+02    0.4519421270E+01    0.0000000000E+00    0.0000000000E+00    0.0000000000E+00    0.0000000000E+00
    0.5166666667E+02    0.4621015131E+01    0.0000000000E+00    0.0000000000E+00    0.0000000000E+00    0.0000000000E+00
    0.5500000000E+02    0.4718328121E+01    0.0000000000E+00    0.0000000000E+00    0.0000000000E+00    0.0000000000E+00
    0.5833333333E+02    0.4811784558E+01    0.0000000000E+00    0.0000000000E+00    0.0000000000E+00    0.0000000000E+00
    0.6166666667E+02    0.4901745219E+01    0.0000000000E+00    0.0000000000E+00    0.0000000000E+00    0.0000000000E+00
    0.6500000000E+02    0.4988519738E+01    0.0000000000E+00    0.0000000000E+00    0.0000000000E+00    0.0000000000E+00
    0.6833333333E+02    0.5072376068E+01    0.0000000000E+00    0.0000000000E+00    0.0000000000E+00    0.0000000000E+00
    0.7166666667E+02    0.5153547830E+01    0.0000000000E+00    0.0000000000E+00    0.0000000000E+00    0.0000000000E+00
    0.7500000000E+02    0.5232240087E+01    0.0000000000E+00    0.0000000000E+00    0.0000000000E+00    0.0000000000E+00
    0.7833333333E+02    0.5308633931E+01    0.0000000000E+00    0.0000000000E+00    0.0000000000E+00    0.0000000000E+00
    0.8166666667E+02    0.5382890176E+01    0.0000000000E+00    0.0000000000E+00    0.0000000000E+00    0.0000000000E+00
    0.8500000000E+02    0.5455152358E+01    0.0000000000E+00    0.0000000000E+00    0.0000000000E+00    0.0000000000E+00
    0.8833333333E+02    0.5525549186E+01    0.0000000000E+00    0.0000000000E+00    0.0000000000E+00    0.0000000000E+00
    0.9166666667E+02    0.5594196567E+01    0.0000000000E+00    0.0000000000E+00    0.0000000000E+00    0.0000000000E+00
    0.9500000000E+02    0.5661199302E+01    0.0000000000E+00    0.0000000000E+00    0.0000000000E+00    0.0000000000E+00
    0.9833333333E+02    0.5726652492E+01    0.0000000000E+00    0.0000000000E+00    0.0000000000E+00    0.0000000000E+00
    0.1016666667E+03    0.5790642732E+01    0.0000000000E+00    0.0000000000E+00    0.0000000000E+00    0.0000000000E+00
    0.1050000000E+03    0.5853249128E+01    0.0000000000E+00    0.0000000000E+00    0.0000000000E+00    0.0000000000E+00
    0.1083333333E+03    0.5914544152E+01    0.0000000000E+00    0.0000000000E+00    0.0000000000E+00    0.0000000000E+00
    0.1116666667E+03    0.5974594391E+01    0.0000000000E+00    0.0000000000E+00    0.0000000000E+00    0.0000000000E+00
    0.1150000000E+03    0.6033461181E+01    0.0000000000E+00    0.0000000000E+00    0.0000000000E+00    0.0000000000E+00
    0.1183333333E+03    0.6091201160E+01    0.0000000000E+00    0.0000000000E+00    0.0000000000E+00    0.0000000000E+00
    0.1216666667E+03    0.6147866750E+01    0.0000000000E+00    0.0000000000E+00    0.0000000000E+00    0.0000000000E+00
    0.1250000000E+03    0.6203506578E+01    0.0000000000E+00    0.0000000000E+00    0.0000000000E+00    0.0000000000E+00
    0.1283333333E+03    0.6258165840E+01    0.0000000000E+00    0.0000000000E+00    0.0000000000E+00    0.0000000000E+00
    0.1316666667E+03    0.6311886629E+01    0.0000000000E+00    0.0000000000E+00    0.0000000000E+00    0.0000000000E+00
    0.1350000000E+03    0.6364708220E+01    0.0000000000E+00    0.0000000000E+00    0.0000000000E+00    0.0000000000E+00
    0.1383333333E+03    0.6416667321E+01    0.0000000000E+00    0.0000000000E+00    0.0000000000E+00    0.0000000000E+00
    0.1416666667E+03    0.6467798300E+01    0.0000000000E+00    0.0000000000E+00    0.0000000000E+00    0.0000000000E+00
    0.1450000000E+03    0.6518133385E+01    0.0000000000E+00    0.0000000000E+00    0.0000000000E+00    0.0000000000E+00
    0.1483333333E+03    0.6567702843E+01    0.0000000000E+00    0.0000000000E+00    0.0000000000E+00    0.0000000000E+00
    0.1516666667E+03    0.6616535140E+01    0.0000000000E+00    0.0000000000E+00    0.0000000000E+00    0.0000000000E+00
    0.1550000000E+03    0.6664657087E+01    0.0000000000E+00    0.0000000000E+00    0.0000000000E+00    0.0000000000E+00
    0.1583333333E+03    0.6712093965E+01    0.0000000000E+00    0.0000000000E+00    0.0000000000E+00    0.0000000000E+00
    0.1616666667E+03    0.6758869648E+01    0.0000000000E+00    0.0000000000E+00    0.0000000000E+00    0.0000000000E+00
    0.1650000000E+03    0.6805006705E+01    0.0000000000E+00    0.0000000000E+00    0.0000000000E+00    0.0000000000E+00
    0.1683333333E+03    0.6850526498E+01    0.0000000000E+00    0.0000000000E+00    0.0000000000E+00    0.0000000000E+00
    0.1716666667E+03    0.6895449267E+01    0.0000000000E+00    0.0000000000E+00    0.0000000000E+00    0.0000000000E+00
    0.1750000000E+03    0.6939794211E+01    0.0000000000E+00    0.0000000000E+00    0.0000000000E+00    0.0000000000E+00
    0.1783333333E+03    0.6983579559E+01    0.0000000000E+00    0.0000000000E+00    0.0000000000E+00    0.0000000000E+00
    0.1816666667E+03    0.7026822640E+01    0.0000000000E+00    0.0000000000E+00    0.0000000000E+00    0.0000000000E+00
    0.1850000000E+03    0.7069539936E+01    0.0000000000E+00    0.0000000000E+00    0.0000000000E+00    0.0000000000E+00
    0.1883333333E+03    0.7111747145E+01    0.0000000000E+00    0.0000000000E+00    0.0000000000E+00    0.0000000000E+00
    0.1916666667E+03    0.7153459226E+01    0.0000000000E+00    0.0000000000E+00    0.0000000000E+00    0.0000000000E+00
    0.1950000000E+03    0.7194690449E+01    0.0000000000E+00    0.0000000000E+00    0.0000000000E+00    0.0000000000E+00
    0.1983333333E+03    0.7235454437E+01    0.0000000000E+00    0.0000000000E+00    0.0000000000E+00    0.0000000000E+00
    0.2016666667E+03    0.7275764207E+01    0.0000000000E+00    0.0000000000E+00    0.0000000000E+00    0.0000000000E+00
    0.2050000000E+03    0.7315632204E+01    0.0000000000E+00    0.0000000000E+00    0.0000000000E+00    0.0000000000E+00
    0.2083333333E+03    0.7355070337E+01    0.0000000000E+00    0.0000000000E+00    0.0000000000E+00    0.0000000000E+00
    0.2116666667E+03    0.7394090008E+01    0.0000000000E+00    0.0000000000E+00    0.0000000000E+00    0.0000000000E+00
    0.2150000000E+03    0.7432702144E+01    0.0000000000E+00    0.0000000000E+00    0.0000000000E+00    0.0000000000E+00
    0.2183333333E+03    0.7470917223E+01    0.0000000000E+00    0.0000000000E+00    0.0000000000E+00    0.0000000000E+00
    0.2216666667E+03    0.7508745297E+01    0.0000000000E+00    0.0000000000E+00    0.0000000000E+00    0.0000000000E+00
    0.2250000000E+03    0.7546196017E+01    0.0000000000E+00    0.0000000000E+00    0.0000000000E+00    0.0000000000E+00
    0.2283333333E+03    0.7583278657E+01    0.0000000000E+00    0.0000000000E+00    0.0000000000E+00    0.0000000000E+00
    0.2316666667E+03    0.7620002129E+01    0.0000000000E+00    0.0000000000E+00    0.0000000000E+00    0.0000000000E+00
    0.2350000000E+03    0.7656375005E+01    0.0000000000E+00    0.0000000000E+00    0.0000000000E+00    0.0000000000E+00
    0.2383333333E+03    0.7692405536E+01    0.0000000000E+00    0.0000000000E+00    0.0000000000E+00    0.0000000000E+00
    0.2416666667E+03    0.7728101665E+01    0.0000000000E+00    0.0000000000E+00    0.0000000000E+00    0.0000000000E+00
    0.2450000000E+03    0.7763471044E+01    0.0000000000E+00    0.0000000000E+00    0.0000000000E+00    0.0000000000E+00
    0.2483333333E+03    0.7798521050E+01    0.0000000000E+00    0.0000000000E+00    0.0000000000E+00    0.0000000000E+00
    0.2516666667E+03    0.7833258796E+01    0.0000000000E+00    0.0000000000E+00    0.0000000000E+00    0.0000000000E+00
    0.2550000000E+03    0.7867691145E+01    0.0000000000E+00    0.0000000000E+00    0.0000000000E+00    0.0000000000E+00
    0.2583333333E+03    0.7901824723E+01    0.0000000000E+00    0.0000000000E+00    0.0000000000E+00    0.0000000000E+00
    0.2616666667E+03    0.7935665927E+01    0.0000000000E+00    0.0000000000E+00    0.0000000000E+00    0.0000000000E+00
    0.2650000000E+03    0.7969220939E+01    0.0000000000E+00    0.0000000000E+00    0.0000000000E+00    0.0000000000E+00
    0.2683333333E+03    0.8002495733E+01    0.0000000000E+00    0.0000000000E+00    0.0000000000E+00    0.0000000000E+00
    0.2716666667E+03    0.8035496089E+01    0.0000000000E+00    0.0000000000E+00    0.0000000000E+00    0.0000000000E+00
    0.2750000000E+03    0.8068227595E+01    0.0000000000E+00    0.0000000000E+00    0.0000000000E+00    0.0000000000E+00
    0.2783333333E+03    0.8100695662E+01    0.0000000000E+00    0.0000000000E+00    0.0000000000E+00    0.0000000000E+00
    0.2816666667E+03    0.8132905526E+01    0.0000000000E+00    0.0000000000E+00    0.0000000000E+00    0.0000000000E+00
    0.2850000000E+03    0.8164862261E+01    0.0000000000E+00    0.0000000000E+00    0.0000000000E+00    0.0000000000E+00
    0.2883333333E+03    0.8196570782E+01    0.0000000000E+00    0.0000000000E+00    0.0000000000E+00    0.0000000000E+00
    0.2916666667E+03    0.8228035854E+01    0.0000000000E+00    0.0000000000E+00    0.0000000000E+00    0.0000000000E+00
    0.2950000000E+03    0.8259262096E+01    0.0000000000E+00    0.0000000000E+00    0.0000000000E+00    0.0000000000E+00
    0.2983333333E+03    0.8290253989E+01    0.0000000000E+00    0.0000000000E+00    0.0000000000E+00    0.0000000000E+00
    0.3016666667E+03    0.8321015881E+01    0.0000000000E+00    0.0000000000E+00    0.0000000000E+00    0.0000000000E+00
    0.3050000000E+03    0.8351551993E+01    0.0000000000E+00    0.0000000000E+00    0.0000000000E+00    0.0000000000E+00
    0.3083333333E+03    0.8381866422E+01    0.0000000000E+00    0.0000000000E+00    0.0000000000E+00    0.0000000000E+00
    0.3116666667E+03    0.8411963148E+01    0.0000000000E+00    0.0000000000E+00    0.0000000000E+00    0.0000000000E+00
    0.3150000000E+03    0.8441846039E+01    0.0000000000E+00    0.0000000000E+00    0.0000000000E+00    0.0000000000E+00
    0.3183333333E+03    0.8471518853E+01    0.0000000000E+00    0.0000000000E+00    0.0000000000E+00    0.0000000000E+00
    0.3216666667E+03    0.8500985243E+01    0.0000000000E+00    0.0000000000E+00    0.0000000000E+00    0.0000000000E+00
    0.3250000000E+03    0.8530248762E+01    0.0000000000E+00    0.0000000000E+00    0.0000000000E+00    0.0000000000E+00
    0.3283333333E+03    0.8559312866E+01    0.0000000000E+00    0.0000000000E+00    0.0000000000E+00    0.0000000000E+00
    0.3316666667E+03    0.8588180919E+01    0.0000000000E+00    0.0000000000E+00    0.0000000000E+00    0.0000000000E+00
    0.3350000000E+03    0.8616856193E+01    0.0000000000E+00    0.0000000000E+00    0.0000000000E+00    0.0000000000E+00
    0.3383333333E+03    0.8645341875E+01    0.0000000000E+00    0.0000000000E+00    0.0000000000E+00    0.0000000000E+00
    0.3416666667E+03    0.8673641069E+01    0.0000000000E+00    0.0000000000E+00    0.0000000000E+00    0.0000000000E+00
    0.3450000000E+03    0.8701756796E+01    0.0000000000E+00    0.0000000000E+00    0.0000000000E+00    0.0000000000E+00
    0.3483333333E+03    0.8729692001E+01    0.0000000000E+00    0.0000000000E+00    0.0000000000E+00    0.0000000000E+00
    0.3516666667E+03    0.8757449555E+01    0.0000000000E+00    0.0000000000E+00    0.0000000000E+00    0.0000000000E+00
    0.3550000000E+03    0.8785032255E+01    0.0000000000E+00    0.0000000000E+00    0.0000000000E+00    0.0000000000E+00
    0.3583333333E+03    0.8812442830E+01    0.0000000000E+00    0.0000000000E+00    0.0000000000E+00    0.0000000000E+00
    0.3616666667E+03    0.8839683939E+01    0.0000000000E+00    0.0000000000E+00    0.0000000000E+00    0.0000000000E+00
    0.3650000000E+03    0.8866758179E+01    0.0000000000E+00    0.0000000000E+00    0.0000000000E+00    0.0000000000E+00
    0.3683333333E+03    0.8893668080E+01    0.0000000000E+00    0.0000000000E+00    0.0000000000E+00    0.0000000000E+00
    0.3716666667E+03    0.8920416115E+01    0.0000000000E+00    0.0000000000E+00    0.0000000000E+00    0.0000000000E+00
    0.3750000000E+03    0.8947004696E+01    0.0000000000E+00    0.0000000000E+00    0.0000000000E+00    0.0000000000E+00
    0.3783333333E+03    0.8973436178E+01    0.0000000000E+00    0.0000000000E+00    0.0000000000E+00    0.0000000000E+00
    0.3816666667E+03    0.8999712862E+01    0.0000000000E+00    0.0000000000E+00    0.0000000000E+00    0.0000000000E+00
    0.3850000000E+03    0.9025836993E+01    0.0000000000E+00    0.0000000000E+00    0.0000000000E+00    0.0000000000E+00
    0.3883333333E+03    0.9051810768E+01    0.0000000000E+00    0.0000000000E+00    0.0000000000E+00    0.0000000000E+00
    0.3916666667E+03    0.9077636331E+01    0.0000000000E+00    0.0000000000E+00    0.0000000000E+00    0.0000000000E+00
    0.3950000000E+03    0.9103315778E+01    0.0000000000E+00    0.0000000000E+00    0.0000000000E+00    0.0000000000E+00
    0.3983333333E+03    0.9128851160E+01    0.0000000000E+00    0.0000000000E+00    0.0000000000E+00    0.0000000000E+00
    0.4016666667E+03    0.9154244479E+01    0.0000000000E+00    0.0000000000E+00    0.0000000000E+00    0.0000000000E+00
    0.4050000000E+03    0.9179497695E+01    0.0000000000E+00    0.0000000000E+00    0.0000000000E+00    0.0000000000E+00
    0.4083333333E+03    0.9204612725E+01    0.0000000000E+00    0.0000000000E+00    0.0000000000E+00    0.0000000000E+00
    0.4116666667E+03    0.9229591444E+01    0.0000000000E+00    0.0000000000E+00    0.0000000000E+00    0.0000000000E+00
    0.4150000000E+03    0.9254435686E+01    0.0000000000E+00    0.0000000000E+00    0.0000000000E+00    0.0000000000E+00
    0.4183333333E+03    0.9279147247E+01    0.0000000000E+00    0.0000000000E+00    0.0000000000E+00    0.0000000000E+00
    0.4216666667E+03    0.9303727884E+01    0.0000000000E+00    0.0000000000E+00    0.0000000000E+00    0.0000000000E+00
    0.4250000000E+03    0.9328179318E+01    0.0000000000E+00    0.0000000000E+00    0.0000000000E+00    0.0000000000E+00
    0.4283333333E+03    0.9352503234E+01    0.0000000000E+00    0.0000000000E+00    0.0000000000E+00    0.0000000000E+00
    0.4316666667E+03    0.9376701280E+01    0.0000000000E+00    0.0000000000E+00    0.0000000000E+00    0.0000000000E+00
    0.4350000000E+03    0.9400775073E+01    0.0000000000E+00    0.0000000000E+00    0.0000000000E+00    0.0000000000E+00
    0.4383333333E+03    0.9424726196E+01    0.0000000000E+00    0.0000000000E+00    0.0000000000E+00    0.0000000000E+00
    0.4416666667E+03    0.9448556199E+01    0.0000000000E+00    0.0000000000E+00    0.0000000000E+00    0.0000000000E+00
    0.4450000000E+03    0.9472266603E+01    0.0000000000E+00    0.0000000000E+00    0.0000000000E+00    0.0000000000E+00
    0.4483333333E+03    0.9495858896E+01    0.0000000000E+00    0.0000000000E+00    0.0000000000E+00    0.0000000000E+00
    0.4516666667E+03    0.9519334539E+01    0.0000000000E+00    0.0000000000E+00    0.0000000000E+00    0.0000000000E+00
    0.4550000000E+03    0.9542694963E+01    0.0000000000E+00    0.0000000000E+00    0.0000000000E+00    0.0000000000E+00
    0.4583333333E+03    0.9565941571E+01    0.0000000000E+00    0.0000000000E+00    0.0000000000E+00    0.0000000000E+00
    0.4616666667E+03    0.9589075740E+01    0.0000000000E+00    0.0000000000E+00    0.0000000000E+00    0.0000000000E+00
    0.4650000000E+03    0.9612098819E+01    0.0000000000E+00    0.0000000000E+00    0.0000000000E+00    0.0000000000E+00
    0.4683333333E+03    0.9635012133E+01    0.0000000000E+00    0.0000000000E+00    0.0000000000E+00    0.0000000000E+00
    0.4716666667E+03    0.9657816981E+01    0.0000000000E+00    0.0000000000E+00    0.0000000000E+00    0.0000000000E+00
    0.4750000000E+03    0.9680514636E+01    0.0000000000E+00    0.0000000000E+00    0.0000000000E+00    0.0000000000E+00
    0.4783333333E+03    0.9703106351E+01    0.0000000000E+00    0.0000000000E+00    0.0000000000E+00    0.0000000000E+00
    0.4816666667E+03    0.9725593352E+01    0.0000000000E+00    0.0000000000E+00    0.0000000000E+00    0.0000000000E+00
    0.4850000000E+03    0.9747976845E+01    0.0000000000E+00    0.0000000000E+00    0.0000000000E+00    0.0000000000E+00
    0.4883333333E+03    0.9770258013E+01    0.0000000000E+00    0.0000000000E+00    0.0000000000E+00    0.0000000000E+00
    0.4916666667E+03    0.9792438016E+01    0.0000000000E+00    0.0000000000E+00    0.0000000000E+00    0.0000000000E+00
    0.4950000000E+03    0.9814517996E+01    0.0000000000E+00    0.0000000000E+00    0.0000000000E+00    0.0000000000E+00
    0.4983333333E+03    0.9836499073E+01    0.0000000000E+00    0.0000000000E+00    0.0000000000E+00    0.0000000000E+00
    0.5016666667E+03    0.9858382347E+01    0.0000000000E+00    0.0000000000E+00    0.0000000000E+00    0.0000000000E+00
    0.5050000000E+03    0.9880168898E+01    0.0000000000E+00    0.0000000000E+00    0.0000000000E+00    0.0000000000E+00
    0.5083333333E+03    0.9901859788E+01    0.0000000000E+00    0.0000000000E+00    0.0000000000E+00    0.0000000000E+00
    0.5116666667E+03    0.9923456061E+01    0.0000000000E+00    0.0000000000E+00    0.0000000000E+00    0.0000000000E+00
    0.5150000000E+03    0.9944958742E+01    0.0000000000E+00    0.0000000000E+00    0.0000000000E+00    0.0000000000E+00
    0.5183333333E+03    0.9966368838E+01    0.0000000000E+00    0.0000000000E+00    0.0000000000E+00    0.0000000000E+00
    0.5216666667E+03    0.9987687339E+01    0.0000000000E+00    0.0000000000E+00    0.0000000000E+00    0.0000000000E+00
    0.5250000000E+03    0.1000891522E+02    0.0000000000E+00    0.0000000000E+00    0.0000000000E+00    0.0000000000E+00
    0.5283333333E+03    0.1003005343E+02    0.0000000000E+00    0.0000000000E+00    0.0000000000E+00    0.0000000000E+00
    0.5316666667E+03    0.1005110293E+02    0.0000000000E+00    0.0000000000E+00    0.0000000000E+00    0.0000000000E+00
    0.5350000000E+03    0.1007206462E+02    0.0000000000E+00    0.0000000000E+00    0.0000000000E+00    0.0000000000E+00
    0.5383333333E+03    0.1009293942E+02    0.0000000000E+00    0.0000000000E+00    0.0000000000E+00    0.0000000000E+00
    0.5416666667E+03    0.1011372824E+02    0.0000000000E+00    0.0000000000E+00    0.0000000000E+00    0.0000000000E+00
    0.5450000000E+03    0.1013443193E+02    0.0000000000E+00    0.0000000000E+00    0.0000000000E+00    0.0000000000E+00
    0.5483333333E+03    0.1015505138E+02    0.0000000000E+00    0.0000000000E+00    0.0000000000E+00    0.0000000000E+00
    0.5516666667E+03    0.1017558744E+02    0.0000000000E+00    0.0000000000E+00    0.0000000000E+00    0.0000000000E+00
    0.5550000000E+03    0.1019604094E+02    0.0000000000E+00    0.0000000000E+00    0.0000000000E+00    0.0000000000E+00
    0.5583333333E+03    0.1021641270E+02    0.0000000000E+00    0.0000000000E+00    0.0000000000E+00    0.0000000000E+00
    0.5616666667E+03    0.1023670354E+02    0.0000000000E+00    0.0000000000E+00    0.0000000000E+00    0.0000000000E+00
    0.5650000000E+03    0.1025691426E+02    0.0000000000E+00    0.0000000000E+00    0.0000000000E+00    0.0000000000E+00
    0.5683333333E+03    0.1027704565E+02    0.0000000000E+00    0.0000000000E+00    0.0000000000E+00    0.0000000000E+00
    0.5716666667E+03    0.1029709847E+02    0.0000000000E+00    0.0000000000E+00    0.0000000000E+00    0.0000000000E+00
    0.5750000000E+03    0.1031707349E+02    0.0000000000E+00    0.0000000000E+00    0.0000000000E+00    0.0000000000E+00
    0.5783333333E+03    0.1033697147E+02    0.0000000000E+00    0.0000000000E+00    0.0000000000E+00    0.0000000000E+00
    0.5816666667E+03    0.1035679313E+02    0.0000000000E+00    0.0000000000E+00    0.0000000000E+00    0.0000000000E+00
    0.5850000000E+03    0.1037653921E+02    0.0000000000E+00    0.0000000000E+00    0.0000000000E+00    0.0000000000E+00
    0.5883333333E+03    0.1039621042E+02    0.0000000000E+00    0.0000000000E+00    0.0000000000E+00    0.0000000000E+00
    0.5916666667E+03    0.1041580747E+02    0.0000000000E+00    0.0000000000E+00    0.0000000000E+00    0.0000000000E+00
    0.5950000000E+03    0.1043533105E+02    0.0000000000E+00    0.0000000000E+00    0.0000000000E+00    0.0000000000E+00
    0.5983333333E+03    0.1045478186E+02    0.0000000000E+00    0.0000000000E+00    0.0000000000E+00    0.0000000000E+00
    0.6016666667E+03    0.1047416055E+02    0.0000000000E+00    0.0000000000E+00    0.0000000000E+00    0.0000000000E+00
    0.6050000000E+03    0.1049346780E+02    0.0000000000E+00    0.0000000000E+00    0.0000000000E+00    0.0000000000E+00
    0.6083333333E+03    0.1051270427E+02    0.0000000000E+00    0.0000000000E+00    0.0000000000E+00    0.0000000000E+00
    0.6116666667E+03    0.1053187059E+02    0.0000000000E+00    0.0000000000E+00    0.0000000000E+00    0.0000000000E+00
    0.6150000000E+03    0.1055096740E+02    0.0000000000E+00    0.0000000000E+00    0.0000000000E+00    0.0000000000E+00
    0.6183333333E+03    0.1056999534E+02    0.0000000000E+00    0.0000000000E+00    0.0000000000E+00    0.0000000000E+00
    0.6216666667E+03    0.1058895501E+02    0.0000000000E+00    0.0000000000E+00    0.0000000000E+00    0.0000000000E+00
    0.6250000000E+03    0.1060784703E+02    0.0000000000E+00    0.0000000000E+00    0.0000000000E+00    0.0000000000E+00
    0.6283333333E+03    0.1062667200E+02    0.0000000000E+00    0.0000000000E+00    0.0000000000E+00    0.0000000000E+00
    0.6316666667E+03    0.1064543051E+02    0.0000000000E+00    0.0000000000E+00    0.0000000000E+00    0.0000000000E+00
    0.6350000000E+03    0.1066412314E+02    0.0000000000E+00    0.0000000000E+00    0.0000000000E+00    0.0000000000E+00
    0.6383333333E+03    0.1068275046E+02    0.0000000000E+00    0.0000000000E+00    0.0000000000E+00    0.0000000000E+00
    0.6416666667E+03    0.1070131306E+02    0.0000000000E+00    0.0000000000E+00    0.0000000000E+00    0.0000000000E+00
    0.6450000000E+03    0.1071981147E+02    0.0000000000E+00    0.0000000000E+00    0.0000000000E+00    0.0000000000E+00
    0.6483333333E+03    0.1073824627E+02    0.0000000000E+00    0.0000000000E+00    0.0000000000E+00    0.0000000000E+00
    0.6516666667E+03    0.1075661798E+02    0.0000000000E+00    0.0000000000E+00    0.0000000000E+00    0.0000000000E+00
    0.6550000000E+03    0.1077492715E+02    0.0000000000E+00    0.0000000000E+00    0.0000000000E+00    0.0000000000E+00
    0.6583333333E+03    0.1079317431E+02    0.0000000000E+00    0.0000000000E+00    0.0000000000E+00    0.0000000000E+00
    0.6616666667E+03    0.1081135998E+02    0.0000000000E+00    0.0000000000E+00    0.0000000000E+00    0.0000000000E+00
    0.6650000000E+03    0.1082948468E+02    0.0000000000E+00    0.0000000000E+00    0.0000000000E+00    0.0000000000E+00
    0.6683333333E+03    0.1084754891E+02    0.0000000000E+00    0.0000000000E+00    0.0000000000E+00    0.0000000000E+00
    0.6716666667E+03    0.1086555317E+02    0.0000000000E+00    0.0000000000E+00    0.0000000000E+00    0.0000000000E+00
    0.6750000000E+03    0.1088349796E+02    0.0000000000E+00    0.0000000000E+00    0.0000000000E+00    0.0000000000E+00
    0.6783333333E+03    0.1090138378E+02    0.0000000000E+00    0.0000000000E+00    0.0000000000E+00    0.0000000000E+00
    0.6816666667E+03    0.1091921109E+02    0.0000000000E+00    0.0000000000E+00    0.0000000000E+00    0.0000000000E+00
    0.6850000000E+03    0.1093698038E+02    0.0000000000E+00    0.0000000000E+00    0.0000000000E+00    0.0000000000E+00
    0.6883333333E+03    0.1095469212E+02    0.0000000000E+00    0.0000000000E+00    0.0000000000E+00    0.0000000000E+00
    0.6916666667E+03    0.1097234678E+02    0.0000000000E+00    0.0000000000E+00    0.0000000000E+00    0.0000000000E+00
    0.6950000000E+03    0.1098994480E+02    0.0000000000E+00    0.0000000000E+00    0.0000000000E+00    0.0000000000E+00
    0.6983333333E+03    0.1100748664E+02    0.0000000000E+00    0.0000000000E+00    0.0000000000E+00    0.0000000000E+00
    0.7016666667E+03    0.1102497275E+02    0.0000000000E+00    0.0000000000E+00    0.0000000000E+00    0.0000000000E+00
    0.7050000000E+03    0.1104240356E+02    0.0000000000E+00    0.0000000000E+00    0.0000000000E+00    0.0000000000E+00
    0.7083333333E+03    0.1105977952E+02    0.0000000000E+00    0.0000000000E+00    0.0000000000E+00    0.0000000000E+00
    0.7116666667E+03    0.1107710105E+02    0.0000000000E+00    0.0000000000E+00    0.0000000000E+00    0.0000000000E+00
    0.7150000000E+03    0.1109436858E+02    0.0000000000E+00    0.0000000000E+00    0.0000000000E+00    0.0000000000E+00
    0.7183333333E+03    0.1111158252E+02    0.0000000000E+00    0.0000000000E+00    0.0000000000E+00    0.0000000000E+00
    0.7216666667E+03    0.1112874329E+02    0.0000000000E+00    0.0000000000E+00    0.0000000000E+00    0.0000000000E+00
    0.7250000000E+03    0.1114585131E+02    0.0000000000E+00    0.0000000000E+00    0.0000000000E+00    0.0000000000E+00
    0.7283333333E+03    0.1116290696E+02    0.0000000000E+00    0.0000000000E+00    0.0000000000E+00    0.0000000000E+00
    0.7316666667E+03    0.1117991065E+02    0.0000000000E+00    0.0000000000E+00    0.0000000000E+00    0.0000000000E+00
    0.7350000000E+03    0.1119686278E+02    0.0000000000E+00    0.0000000000E+00    0.0000000000E+00    0.0000000000E+00
    0.7383333333E+03    0.1121376373E+02    0.0000000000E+00    0.0000000000E+00    0.0000000000E+00    0.0000000000E+00
    0.7416666667E+03    0.1123061389E+02    0.0000000000E+00    0.0000000000E+00    0.0000000000E+00    0.0000000000E+00
    0.7450000000E+03    0.1124741363E+02    0.0000000000E+00    0.0000000000E+00    0.0000000000E+00    0.0000000000E+00
    0.7483333333E+03    0.1126416334E+02    0.0000000000E+00    0.0000000000E+00    0.0000000000E+00    0.0000000000E+00
    0.7516666667E+03    0.1128086339E+02    0.0000000000E+00    0.0000000000E+00    0.0000000000E+00    0.0000000000E+00
    0.7550000000E+03    0.1129751413E+02    0.0000000000E+00    0.0000000000E+00    0.0000000000E+00    0.0000000000E+00
    0.7583333333E+03    0.1131411594E+02    0.0000000000E+00    0.0000000000E+00    0.0000000000E+00    0.0000000000E+00
    0.7616666667E+03    0.1133066917E+02    0.0000000000E+00    0.0000000000E+00    0.0000000000E+00    0.0000000000E+00
    0.7650000000E+03    0.1134717417E+02    0.0000000000E+00    0.0000000000E+00    0.0000000000E+00    0.0000000000E+00
    0.7683333333E+03    0.1136363130E+02    0.0000000000E+00    0.0000000000E+00    0.0000000000E+00    0.0000000000E+00
    0.7716666667E+03    0.1138004090E+02    0.0000000000E+00    0.0000000000E+00    0.0000000000E+00    0.0000000000E+00
    0.7750000000E+03    0.1139640331E+02    0.0000000000E+00    0.0000000000E+00    0.0000000000E+00    0.0000000000E+00
    0.7783333333E+03    0.1141271887E+02    0.0000000000E+00    0.0000000000E+00    0.0000000000E+00    0.0000000000E+00
    0.7816666667E+03    0.1142898792E+02    0.0000000000E+00    0.0000000000E+00    0.0000000000E+00    0.0000000000E+00
    0.7850000000E+03    0.1144521077E+02    0.0000000000E+00    0.0000000000E+00    0.0000000000E+00    0.0000000000E+00
    0.7883333333E+03    0.1146138777E+02    0.0000000000E+00    0.0000000000E+00    0.0000000000E+00    0.0000000000E+00
    0.7916666667E+03    0.1147751923E+02    0.0000000000E+00    0.0000000000E+00    0.0000000000E+00    0.0000000000E+00
    0.7950000000E+03    0.1149360547E+02    0.0000000000E+00    0.0000000000E+00    0.0000000000E+00    0.0000000000E+00
    0.7983333333E+03    0.1150964681E+02    0.0000000000E+00    0.0000000000E+00    0.0000000000E+00    0.0000000000E+00
    0.8016666667E+03    0.1152564356E+02    0.0000000000E+00    0.0000000000E+00    0.0000000000E+00    0.0000000000E+00
    0.8050000000E+03    0.1154159603E+02    0.0000000000E+00    0.0000000000E+00    0.0000000000E+00    0.0000000000E+00
    0.8083333333E+03    0.1155750452E+02    0.0000000000E+00    0.0000000000E+00    0.0000000000E+00    0.0000000000E+00
    0.8116666667E+03    0.1157336934E+02    0.0000000000E+00    0.0000000000E+00    0.0000000000E+00    0.0000000000E+00
    0.8150000000E+03    0.1158919078E+02    0.0000000000E+00    0.0000000000E+00    0.0000000000E+00    0.0000000000E+00
    0.8183333333E+03    0.1160496914E+02    0.0000000000E+00    0.0000000000E+00    0.0000000000E+00    0.0000000000E+00
    0.8216666667E+03    0.1162070471E+02    0.0000000000E+00    0.0000000000E+00    0.0000000000E+00    0.0000000000E+00
    0.8250000000E+03    0.1163639778E+02    0.0000000000E+00    0.0000000000E+00    0.0000000000E+00    0.0000000000E+00
    0.8283333333E+03    0.1165204864E+02    0.0000000000E+00    0.0000000000E+00    0.0000000000E+00    0.0000000000E+00
    0.8316666667E+03    0.1166765756E+02    0.0000000000E+00    0.0000000000E+00    0.0000000000E+00    0.0000000000E+00
    0.8350000000E+03    0.1168322484E+02    0.0000000000E+00    0.0000000000E+00    0.0000000000E+00    0.0000000000E+00
    0.8383333333E+03    0.1169875074E+02    0.0000000000E+00    0.0000000000E+00    0.0000000000E+00    0.0000000000E+00
    0.8416666667E+03    0.1171423553E+02    0.0000000000E+00    0.0000000000E+00    0.0000000000E+00    0.0000000000E+00
    0.8450000000E+03    0.1172967950E+02    0.0000000000E+00    0.0000000000E+00    0.0000000000E+00    0.0000000000E+00
    0.8483333333E+03    0.1174508291E+02    0.0000000000E+00    0.0000000000E+00    0.0000000000E+00    0.0000000000E+00
    0.8516666667E+03    0.1176044601E+02    0.0000000000E+00    0.0000000000E+00    0.0000000000E+00    0.0000000000E+00
    0.8550000000E+03    0.1177576909E+02    0.0000000000E+00    0.0000000000E+00    0.0000000000E+00    0.0000000000E+00
    0.8583333333E+03    0.1179105239E+02    0.0000000000E+00    0.0000000000E+00    0.0000000000E+00    0.0000000000E+00
    0.8616666667E+03    0.1180629617E+02    0.0000000000E+00    0.0000000000E+00    0.0000000000E+00    0.0000000000E+00
    0.8650000000E+03    0.1182150069E+02    0.0000000000E+00    0.0000000000E+00    0.0000000000E+00    0.0000000000E+00
    0.8683333333E+03    0.1183666620E+02    0.0000000000E+00    0.0000000000E+00    0.0000000000E+00    0.0000000000E+00
    0.8716666667E+03    0.1185179294E+02    0.0000000000E+00    0.0000000000E+00    0.0000000000E+00    0.0000000000E+00
    0.8750000000E+03    0.1186688117E+02    0.0000000000E+00    0.0000000000E+00    0.0000000000E+00    0.0000000000E+00
    0.8783333333E+03    0.1188193114E+02    0.0000000000E+00    0.0000000000E+00    0.0000000000E+00    0.0000000000E+00
    0.8816666667E+03    0.1189694307E+02    0.0000000000E+00    0.0000000000E+00    0.0000000000E+00    0.0000000000E+00
    0.8850000000E+03    0.1191191721E+02    0.0000000000E+00    0.0000000000E+00    0.0000000000E+00    0.0000000000E+00
    0.8883333333E+03    0.1192685380E+02    0.0000000000E+00    0.0000000000E+00    0.0000000000E+00    0.0000000000E+00
    0.8916666667E+03    0.1194175307E+02    0.0000000000E+00    0.0000000000E+00    0.0000000000E+00    0.0000000000E+00
    0.8950000000E+03    0.1195661525E+02    0.0000000000E+00    0.0000000000E+00    0.0000000000E+00    0.0000000000E+00
    0.8983333333E+03    0.1197144058E+02    0.0000000000E+00    0.0000000000E+00    0.0000000000E+00    0.0000000000E+00
    0.9016666667E+03    0.1198622928E+02    0.0000000000E+00    0.0000000000E+00    0.0000000000E+00    0.0000000000E+00
    0.9050000000E+03    0.1200098158E+02    0.0000000000E+00    0.0000000000E+00    0.0000000000E+00    0.0000000000E+00
    0.9083333333E+03    0.1201569770E+02    0.0000000000E+00    0.0000000000E+00    0.0000000000E+00    0.0000000000E+00
    0.9116666667E+03    0.1203037785E+02    0.0000000000E+00    0.0000000000E+00    0.0000000000E+00    0.0000000000E+00
    0.9150000000E+03    0.1204502227E+02    0.0000000000E+00    0.0000000000E+00    0.0000000000E+00    0.0000000000E+00
    0.9183333333E+03    0.1205963117E+02    0.0000000000E+00    0.0000000000E+00    0.0000000000E+00    0.0000000000E+00
    0.9216666667E+03    0.1207420475E+02    0.0000000000E+00    0.0000000000E+00    0.0000000000E+00    0.0000000000E+00
    0.9250000000E+03    0.1208874325E+02    0.0000000000E+00    0.0000000000E+00    0.0000000000E+00    0.0000000000E+00
    0.9283333333E+03    0.1210324685E+02    0.0000000000E+00    0.0000000000E+00    0.0000000000E+00    0.0000000000E+00
    0.9316666667E+03    0.1211771578E+02    0.0000000000E+00    0.0000000000E+00    0.0000000000E+00    0.0000000000E+00
    0.9350000000E+03    0.1213215024E+02    0.0000000000E+00    0.0000000000E+00    0.0000000000E+00    0.0000000000E+00
    0.9383333333E+03    0.1214655043E+02    0.0000000000E+00    0.0000000000E+00    0.0000000000E+00    0.0000000000E+00
    0.9416666667E+03    0.1216091656E+02    0.0000000000E+00    0.0000000000E+00    0.0000000000E+00    0.0000000000E+00
    0.9450000000E+03    0.1217524882E+02    0.0000000000E+00    0.0000000000E+00    0.0000000000E+00    0.0000000000E+00
    0.9483333333E+03    0.1218954743E+02    0.0000000000E+00    0.0000000000E+00    0.0000000000E+00    0.0000000000E+00
    0.9516666667E+03    0.1220381256E+02    0.0000000000E+00    0.0000000000E+00    0.0000000000E+00    0.0000000000E+00
    0.9550000000E+03    0.1221804443E+02    0.0000000000E+00    0.0000000000E+00    0.0000000000E+00    0.0000000000E+00
    0.9583333333E+03    0.1223224321E+02    0.0000000000E+00    0.0000000000E+00    0.0000000000E+00    0.0000000000E+00
    0.9616666667E+03    0.1224640911E+02    0.0000000000E+00    0.0000000000E+00    0.0000000000E+00    0.0000000000E+00
    0.9650000000E+03    0.1226054231E+02    0.0000000000E+00    0.0000000000E+00    0.0000000000E+00    0.0000000000E+00
    0.9683333333E+03    0.1227464301E+02    0.0000000000E+00    0.0000000000E+00    0.0000000000E+00    0.0000000000E+00
    0.9716666667E+03    0.1228871138E+02    0.0000000000E+00    0.0000000000E+00    0.0000000000E+00    0.0000000000E+00
    0.9750000000E+03    0.1230274761E+02    0.0000000000E+00    0.0000000000E+00    0.0000000000E+00    0.0000000000E+00
    0.9783333333E+03    0.1231675189E+02    0.0000000000E+00    0.0000000000E+00    0.0000000000E+00    0.0000000000E+00
    0.9816666667E+03    0.1233072439E+02    0.0000000000E+00    0.0000000000E+00    0.0000000000E+00    0.0000000000E+00
    0.9850000000E+03    0.1234466530E+02    0.0000000000E+00    0.0000000000E+00    0.0000000000E+00    0.0000000000E+00
    0.9883333333E+03    0.1235857480E+02    0.0000000000E+00    0.0000000000E+00    0.0000000000E+00    0.0000000000E+00
    0.9916666667E+03    0.1237245305E+02    0.0000000000E+00    0.0000000000E+00    0.0000000000E+00    0.0000000000E+00
    0.9950000000E+03    0.1238630024E+02    0.0000000000E+00    0.0000000000E+00    0.0000000000E+00    0.0000000000E+00
    0.9983333333E+03    0.1240011654E+02    0.0000000000E+00    0.0000000000E+00    0.0000000000E+00    0.0000000000E+00
